20.09. 08:11:15  Balken seit 20 s weg, letzter Stand 118/124 (Rest 6) - kein Abschluss.
20.09. 08:11:16  Balken seit 21 s weg, letzter Stand 118/124 (Rest 6) - kein Abschluss.
20.09. 08:11:17  Balken seit 22 s weg, letzter Stand 118/124 (Rest 6) - kein Abschluss.
20.09. 08:11:17  Balken seit 22 s weg, letzter Stand 118/124 (Rest 6) - kein Abschluss.
20.09. 08:11:18  Balken seit 23 s weg, letzter Stand 118/124 (Rest 6) - kein Abschluss.
20.09. 08:11:19  Balken seit 24 s weg, letzter Stand 118/124 (Rest 6) - kein Abschluss.
20.09. 08:11:20  Balken seit 25 s weg, letzter Stand 118/124 (Rest 6) - kein Abschluss.
20.09. 08:11:20  Balken seit 25 s weg, letzter Stand 118/124 (Rest 6) - kein Abschluss.
20.09. 08:11:21  Balken seit 26 s weg, letzter Stand 118/124 (Rest 6) - kein Abschluss.
20.09. 08:11:22  Balken seit 27 s weg, letzter Stand 118/124 (Rest 6) - kein Abschluss.
20.09. 08:11:23  Balken seit 28 s weg, letzter Stand 118/124 (Rest 6) - kein Abschluss.
20.09. 08:11:24  Balken seit 29 s weg, letzter Stand 118/124 (Rest 6) - kein Abschluss.
20.09. 08:11:24  Balken seit 30 s weg, letzter Stand 118/124 (Rest 6) - kein Abschluss.
20.09. 08:11:25  Balken seit 30 s weg, letzter Stand 118/124 (Rest 6) - kein Abschluss.
20.09. 08:11:26  Balken seit 31 s weg, letzter Stand 118/124 (Rest 6) - kein Abschluss.
20.09. 08:11:27  Balken seit 32 s weg, letzter Stand 118/124 (Rest 6) - kein Abschluss.
20.09. 08:11:27  Balken seit 32 s weg, letzter Stand 118/124 (Rest 6) - kein Abschluss.
20.09. 08:11:28  Balken seit 33 s weg, letzter Stand 118/124 (Rest 6) - kein Abschluss.
20.09. 08:11:29  Balken seit 34 s weg, letzter Stand 118/124 (Rest 6) - kein Abschluss.
20.09. 08:11:29  Balken seit 34 s weg, letzter Stand 118/124 (Rest 6) - kein Abschluss.
20.09. 08:11:30  Balken seit 35 s weg, letzter Stand 118/124 (Rest 6) - kein Abschluss.
20.09. 08:11:31  Balken seit 36 s weg, letzter Stand 118/124 (Rest 6) - kein Abschluss.
20.09. 08:11:31  Balken seit 37 s weg, letzter Stand 118/124 (Rest 6) - kein Abschluss.
20.09. 08:11:32  Balken seit 37 s weg, letzter Stand 118/124 (Rest 6) - kein Abschluss.
20.09. 08:11:33  Balken seit 38 s weg, letzter Stand 118/124 (Rest 6) - kein Abschluss.
20.09. 08:11:34  Balken seit 39 s weg, letzter Stand 118/124 (Rest 6) - kein Abschluss.
20.09. 08:11:34  Balken seit 39 s weg, letzter Stand 118/124 (Rest 6) - kein Abschluss.
20.09. 08:11:35  Balken seit 40 s weg, letzter Stand 118/124 (Rest 6) - kein Abschluss.
20.09. 08:11:36  Balken seit 41 s weg, letzter Stand 118/124 (Rest 6) - kein Abschluss.
20.09. 08:11:36  Balken seit 41 s weg, letzter Stand 118/124 (Rest 6) - kein Abschluss.
20.09. 08:11:37  Balken seit 42 s weg, letzter Stand 118/124 (Rest 6) - kein Abschluss.
20.09. 08:11:38  Balken seit 43 s weg, letzter Stand 118/124 (Rest 6) - kein Abschluss.
20.09. 08:11:39  Balken seit 44 s weg, letzter Stand 118/124 (Rest 6) - kein Abschluss.
20.09. 08:11:39  Balken seit 44 s weg, letzter Stand 118/124 (Rest 6) - kein Abschluss.
20.09. 08:11:40  Balken seit 45 s weg, letzter Stand 118/124 (Rest 6) - kein Abschluss.
20.09. 08:11:41  Balken seit 46 s weg, letzter Stand 118/124 (Rest 6) - kein Abschluss.
20.09. 08:11:41  Balken seit 46 s weg, letzter Stand 118/124 (Rest 6) - kein Abschluss.
20.09. 08:11:42  Balken seit 47 s weg, letzter Stand 118/124 (Rest 6) - kein Abschluss.
20.09. 08:11:43  Balken seit 48 s weg, letzter Stand 118/124 (Rest 6) - kein Abschluss.
20.09. 08:11:43  Balken seit 49 s weg, letzter Stand 118/124 (Rest 6) - kein Abschluss.
20.09. 08:11:44  Balken seit 49 s weg, letzter Stand 118/124 (Rest 6) - kein Abschluss.
20.09. 08:11:45  Balken seit 50 s weg, letzter Stand 118/124 (Rest 6) - kein Abschluss.
20.09. 08:11:46  Balken seit 51 s weg, letzter Stand 118/124 (Rest 6) - kein Abschluss.
20.09. 08:11:46  Balken seit 51 s weg, letzter Stand 118/124 (Rest 6) - kein Abschluss.
20.09. 08:11:47  Balken seit 52 s weg, letzter Stand 118/124 (Rest 6) - kein Abschluss.
20.09. 08:11:48  Balken seit 53 s weg, letzter Stand 118/124 (Rest 6) - kein Abschluss.
20.09. 08:11:48  Balken seit 53 s weg, letzter Stand 118/124 (Rest 6) - kein Abschluss.
20.09. 08:11:49  Balken seit 54 s weg, letzter Stand 118/124 (Rest 6) - kein Abschluss.
20.09. 08:11:50  Balken seit 55 s weg, letzter Stand 118/124 (Rest 6) - kein Abschluss.
20.09. 08:11:50  Balken seit 56 s weg, letzter Stand 118/124 (Rest 6) - kein Abschluss.
20.09. 08:11:51  Balken seit 56 s weg, letzter Stand 118/124 (Rest 6) - kein Abschluss.
20.09. 08:11:52  Balken seit 57 s weg, letzter Stand 118/124 (Rest 6) - kein Abschluss.
20.09. 08:11:53  Balken seit 58 s weg, letzter Stand 118/124 (Rest 6) - kein Abschluss.
20.09. 08:11:53  Balken seit 58 s weg, letzter Stand 118/124 (Rest 6) - kein Abschluss.
20.09. 08:11:54  Balken seit 59 s weg, letzter Stand 118/124 (Rest 6) - kein Abschluss.
20.09. 08:11:55  Balken seit 60 s weg, letzter Stand 118/124 (Rest 6) - kein Abschluss.
20.09. 08:11:55  Balken seit 60 s weg, letzter Stand 118/124 (Rest 6) - kein Abschluss.
20.09. 08:11:56  Balken seit 61 s weg, letzter Stand 118/124 (Rest 6) - kein Abschluss.
20.09. 08:11:57  Balken seit 62 s weg, letzter Stand 118/124 (Rest 6) - kein Abschluss.
20.09. 08:11:57  Balken seit 63 s weg, letzter Stand 118/124 (Rest 6) - kein Abschluss.
20.09. 08:11:58  Balken seit 63 s weg, letzter Stand 118/124 (Rest 6) - kein Abschluss.
20.09. 08:11:59  Balken seit 64 s weg, letzter Stand 118/124 (Rest 6) - kein Abschluss.
20.09. 08:12:00  Balken seit 65 s weg, letzter Stand 118/124 (Rest 6) - kein Abschluss.
20.09. 08:12:00  Balken seit 65 s weg, letzter Stand 118/124 (Rest 6) - kein Abschluss.
20.09. 08:12:01  Balken seit 66 s weg, letzter Stand 118/124 (Rest 6) - kein Abschluss.
20.09. 08:12:02  Balken seit 67 s weg, letzter Stand 118/124 (Rest 6) - kein Abschluss.
20.09. 08:12:02  Balken seit 67 s weg, letzter Stand 118/124 (Rest 6) - kein Abschluss.
20.09. 08:12:03  Balken seit 68 s weg, letzter Stand 118/124 (Rest 6) - kein Abschluss.
20.09. 08:12:04  Balken seit 69 s weg, letzter Stand 118/124 (Rest 6) - kein Abschluss.
20.09. 08:12:05  Balken seit 70 s weg, letzter Stand 118/124 (Rest 6) - kein Abschluss.
20.09. 08:12:05  Balken seit 70 s weg, letzter Stand 118/124 (Rest 6) - kein Abschluss.
20.09. 08:12:06  Balken seit 71 s weg, letzter Stand 118/124 (Rest 6) - kein Abschluss.
20.09. 08:12:07  Balken seit 72 s weg, letzter Stand 118/124 (Rest 6) - kein Abschluss.
20.09. 08:12:07  Balken seit 72 s weg, letzter Stand 118/124 (Rest 6) - kein Abschluss.
20.09. 08:12:08  Balken seit 73 s weg, letzter Stand 118/124 (Rest 6) - kein Abschluss.
20.09. 08:12:09  Balken seit 74 s weg, letzter Stand 118/124 (Rest 6) - kein Abschluss.
20.09. 08:12:09  Balken seit 75 s weg, letzter Stand 118/124 (Rest 6) - kein Abschluss.
20.09. 08:12:10  Balken seit 75 s weg, letzter Stand 118/124 (Rest 6) - kein Abschluss.
20.09. 08:12:11  Balken seit 76 s weg, letzter Stand 118/124 (Rest 6) - kein Abschluss.
20.09. 08:12:12  Balken seit 77 s weg, letzter Stand 118/124 (Rest 6) - kein Abschluss.
20.09. 08:12:12  Balken seit 77 s weg, letzter Stand 118/124 (Rest 6) - kein Abschluss.
20.09. 08:12:13  Balken seit 78 s weg, letzter Stand 118/124 (Rest 6) - kein Abschluss.
20.09. 08:12:14  Balken seit 79 s weg, letzter Stand 118/124 (Rest 6) - kein Abschluss.
20.09. 08:12:14  Balken seit 79 s weg, letzter Stand 118/124 (Rest 6) - kein Abschluss.
20.09. 08:12:15  Balken seit 80 s weg, letzter Stand 118/124 (Rest 6) - kein Abschluss.
20.09. 08:12:16  Balken seit 81 s weg, letzter Stand 118/124 (Rest 6) - kein Abschluss.
20.09. 08:12:16  Balken seit 82 s weg, letzter Stand 118/124 (Rest 6) - kein Abschluss.
20.09. 08:12:17  Balken seit 82 s weg, letzter Stand 118/124 (Rest 6) - kein Abschluss.
20.09. 08:12:18  Balken seit 83 s weg, letzter Stand 118/124 (Rest 6) - kein Abschluss.
20.09. 08:12:19  Balken seit 84 s weg, letzter Stand 118/124 (Rest 6) - kein Abschluss.
20.09. 08:12:19  Balken seit 84 s weg, letzter Stand 118/124 (Rest 6) - kein Abschluss.
20.09. 08:12:20  Balken seit 85 s weg, letzter Stand 118/124 (Rest 6) - kein Abschluss.
20.09. 08:12:21  Balken seit 86 s weg, letzter Stand 118/124 (Rest 6) - kein Abschluss.
20.09. 08:12:21  Balken seit 86 s weg, letzter Stand 118/124 (Rest 6) - kein Abschluss.
20.09. 08:12:22  Balken seit 87 s weg, letzter Stand 118/124 (Rest 6) - kein Abschluss.
20.09. 08:12:23  Balken seit 88 s weg, letzter Stand 118/124 (Rest 6) - kein Abschluss.
20.09. 08:12:24  Balken seit 89 s weg, letzter Stand 118/124 (Rest 6) - kein Abschluss.
20.09. 08:12:24  Balken seit 89 s weg, letzter Stand 118/124 (Rest 6) - kein Abschluss.
20.09. 08:12:25  Balken seit 90 s weg, letzter Stand 118/124 (Rest 6) - kein Abschluss.
20.09. 08:12:26  Balken seit 91 s weg, letzter Stand 118/124 (Rest 6) - kein Abschluss.
20.09. 08:12:27  Balken seit 92 s weg, letzter Stand 118/124 (Rest 6) - kein Abschluss.
20.09. 08:12:28  Balken seit 93 s weg, letzter Stand 118/124 (Rest 6) - kein Abschluss.
20.09. 08:12:28  Balken seit 94 s weg, letzter Stand 118/124 (Rest 6) - kein Abschluss.
20.09. 08:12:29  Balken seit 94 s weg, letzter Stand 118/124 (Rest 6) - kein Abschluss.
20.09. 08:12:30  Balken seit 95 s weg, letzter Stand 118/124 (Rest 6) - kein Abschluss.
20.09. 08:12:31  Balken seit 96 s weg, letzter Stand 118/124 (Rest 6) - kein Abschluss.
20.09. 08:12:31  Balken seit 96 s weg, letzter Stand 118/124 (Rest 6) - kein Abschluss.
20.09. 08:12:32  Balken seit 97 s weg, letzter Stand 118/124 (Rest 6) - kein Abschluss.
20.09. 08:12:33  Balken seit 98 s weg, letzter Stand 118/124 (Rest 6) - kein Abschluss.
20.09. 08:12:33  Balken seit 98 s weg, letzter Stand 118/124 (Rest 6) - kein Abschluss.
20.09. 08:12:34  Balken seit 99 s weg, letzter Stand 118/124 (Rest 6) - kein Abschluss.
20.09. 08:12:35  Balken seit 100 s weg, letzter Stand 118/124 (Rest 6) - kein Abschluss.
20.09. 08:12:35  Balken seit 101 s weg, letzter Stand 118/124 (Rest 6) - kein Abschluss.
20.09. 08:12:36  Balken seit 101 s weg, letzter Stand 118/124 (Rest 6) - kein Abschluss.
20.09. 08:12:37  Balken seit 102 s weg, letzter Stand 118/124 (Rest 6) - kein Abschluss.
20.09. 08:12:38  Balken seit 103 s weg, letzter Stand 118/124 (Rest 6) - kein Abschluss.
20.09. 08:12:38  Balken seit 103 s weg, letzter Stand 118/124 (Rest 6) - kein Abschluss.
20.09. 08:12:39  Balken seit 104 s weg, letzter Stand 118/124 (Rest 6) - kein Abschluss.
20.09. 08:12:40  Balken seit 105 s weg, letzter Stand 118/124 (Rest 6) - kein Abschluss.
20.09. 08:12:40  Balken seit 105 s weg, letzter Stand 118/124 (Rest 6) - kein Abschluss.
20.09. 08:12:41  Balken seit 106 s weg, letzter Stand 118/124 (Rest 6) - kein Abschluss.
20.09. 08:12:42  Balken seit 107 s weg, letzter Stand 118/124 (Rest 6) - kein Abschluss.
20.09. 08:12:42  Balken seit 108 s weg, letzter Stand 118/124 (Rest 6) - kein Abschluss.
20.09. 08:12:43  Balken seit 108 s weg, letzter Stand 118/124 (Rest 6) - kein Abschluss.
20.09. 08:12:44  Balken seit 109 s weg, letzter Stand 118/124 (Rest 6) - kein Abschluss.
20.09. 08:12:45  Balken seit 110 s weg, letzter Stand 118/124 (Rest 6) - kein Abschluss.
20.09. 08:12:45  Balken seit 110 s weg, letzter Stand 118/124 (Rest 6) - kein Abschluss.
20.09. 08:12:46  Balken seit 111 s weg, letzter Stand 118/124 (Rest 6) - kein Abschluss.
20.09. 08:12:47  Balken seit 112 s weg, letzter Stand 118/124 (Rest 6) - kein Abschluss.
20.09. 08:12:47  Balken seit 113 s weg, letzter Stand 118/124 (Rest 6) - kein Abschluss.
20.09. 08:12:48  Balken seit 113 s weg, letzter Stand 118/124 (Rest 6) - kein Abschluss.
20.09. 08:12:49  Balken seit 114 s weg, letzter Stand 118/124 (Rest 6) - kein Abschluss.
20.09. 08:12:50  Balken seit 115 s weg, letzter Stand 118/124 (Rest 6) - kein Abschluss.
20.09. 08:12:50  Balken seit 115 s weg, letzter Stand 118/124 (Rest 6) - kein Abschluss.
20.09. 08:12:51  Balken seit 116 s weg, letzter Stand 118/124 (Rest 6) - kein Abschluss.
20.09. 08:12:52  Balken seit 117 s weg, letzter Stand 118/124 (Rest 6) - kein Abschluss.
20.09. 08:12:52  Balken seit 117 s weg, letzter Stand 118/124 (Rest 6) - kein Abschluss.
20.09. 08:12:53  Balken seit 118 s weg, letzter Stand 118/124 (Rest 6) - kein Abschluss.
20.09. 08:12:54  Balken seit 119 s weg, letzter Stand 118/124 (Rest 6) - kein Abschluss.
20.09. 08:12:54  Balken seit 120 s weg, letzter Stand 118/124 (Rest 6) - kein Abschluss.
20.09. 08:12:55  Balken seit 120 s weg, letzter Stand 118/124 (Rest 6) - kein Abschluss.
20.09. 08:12:56  Balken seit 121 s weg, letzter Stand 118/124 (Rest 6) - kein Abschluss.
20.09. 08:12:57  Balken seit 122 s weg, letzter Stand 118/124 (Rest 6) - kein Abschluss.
20.09. 08:12:57  Balken seit 122 s weg, letzter Stand 118/124 (Rest 6) - kein Abschluss.
20.09. 08:12:58  Balken seit 123 s weg, letzter Stand 118/124 (Rest 6) - kein Abschluss.
20.09. 08:12:59  Balken seit 124 s weg, letzter Stand 118/124 (Rest 6) - kein Abschluss.
20.09. 08:12:59  Balken seit 124 s weg, letzter Stand 118/124 (Rest 6) - kein Abschluss.
20.09. 08:13:00  Balken seit 125 s weg, letzter Stand 118/124 (Rest 6) - kein Abschluss.
20.09. 08:13:01  Balken seit 126 s weg, letzter Stand 118/124 (Rest 6) - kein Abschluss.
20.09. 08:13:02  Balken seit 127 s weg, letzter Stand 118/124 (Rest 6) - kein Abschluss.
20.09. 08:13:02  Balken seit 127 s weg, letzter Stand 118/124 (Rest 6) - kein Abschluss.
20.09. 08:13:03  Balken seit 128 s weg, letzter Stand 118/124 (Rest 6) - kein Abschluss.
20.09. 08:13:04  Balken seit 129 s weg, letzter Stand 118/124 (Rest 6) - kein Abschluss.
20.09. 08:13:04  Balken seit 129 s weg, letzter Stand 118/124 (Rest 6) - kein Abschluss.
20.09. 08:13:05  Balken seit 130 s weg, letzter Stand 118/124 (Rest 6) - kein Abschluss.
20.09. 08:13:06  Balken seit 131 s weg, letzter Stand 118/124 (Rest 6) - kein Abschluss.
20.09. 08:13:06  Balken seit 132 s weg, letzter Stand 118/124 (Rest 6) - kein Abschluss.
20.09. 08:13:07  Balken seit 132 s weg, letzter Stand 118/124 (Rest 6) - kein Abschluss.
20.09. 08:13:08  Balken seit 133 s weg, letzter Stand 118/124 (Rest 6) - kein Abschluss.
20.09. 08:13:09  Balken seit 134 s weg, letzter Stand 118/124 (Rest 6) - kein Abschluss.
20.09. 08:13:09  Balken seit 134 s weg, letzter Stand 118/124 (Rest 6) - kein Abschluss.
20.09. 08:13:10  Balken seit 135 s weg, letzter Stand 118/124 (Rest 6) - kein Abschluss.
20.09. 08:13:11  Balken seit 136 s weg, letzter Stand 118/124 (Rest 6) - kein Abschluss.
20.09. 08:13:11  Balken seit 136 s weg, letzter Stand 118/124 (Rest 6) - kein Abschluss.
20.09. 08:13:12  Balken seit 137 s weg, letzter Stand 118/124 (Rest 6) - kein Abschluss.
20.09. 08:13:13  Balken seit 138 s weg, letzter Stand 118/124 (Rest 6) - kein Abschluss.
20.09. 08:13:13  Balken seit 139 s weg, letzter Stand 118/124 (Rest 6) - kein Abschluss.
20.09. 08:13:14  Balken seit 139 s weg, letzter Stand 118/124 (Rest 6) - kein Abschluss.
20.09. 08:13:15  Balken seit 140 s weg, letzter Stand 118/124 (Rest 6) - kein Abschluss.
20.09. 08:20:10  --- FERTIG - 130 / 130  (Stand 130/130, Ziel 130, Auftrag durch)
20.09. 08:20:10  Ablauf mit 4 Schritten: Inventar öffnen nach 800 ms, Gegenstand wegwerfen nach 1200 ms, Inventar schließen nach 1000 ms, Sammeln starten nach 1000 ms
20.09. 08:20:11  Schritt 1/4: Inventar öffnen - Taste i an FiveM® by Cfx.re - [GERMAN] Narco City II | Roleplay mit Niv
20.09. 08:20:13  Schritt 2/4: Gegenstand wegwerfen - Rechtsklick x233 y383 an FiveM® by Cfx.re - [GERMAN] Narco City II | Roleplay mit Niv
20.09. 08:20:14  Schritt 3/4: Inventar schließen - Taste Escape an FiveM® by Cfx.re - [GERMAN] Narco City II | Roleplay mit Niv
20.09. 08:20:15  Schritt 4/4: Sammeln starten - Taste e an FiveM® by Cfx.re - [GERMAN] Narco City II | Roleplay mit Niv
20.09. 08:20:37  Balken seit 23 s weg, letzter Stand 132/139 (Rest 7) - kein Abschluss.
20.09. 08:20:38  Balken seit 23 s weg, letzter Stand 132/139 (Rest 7) - kein Abschluss.
20.09. 08:20:39  Balken seit 24 s weg, letzter Stand 132/139 (Rest 7) - kein Abschluss.
20.09. 08:20:39  Balken seit 25 s weg, letzter Stand 132/139 (Rest 7) - kein Abschluss.
20.09. 08:20:40  Balken seit 25 s weg, letzter Stand 132/139 (Rest 7) - kein Abschluss.
20.09. 08:20:41  Balken seit 26 s weg, letzter Stand 132/139 (Rest 7) - kein Abschluss.
20.09. 08:20:42  Balken seit 27 s weg, letzter Stand 132/139 (Rest 7) - kein Abschluss.
20.09. 08:20:42  Balken seit 27 s weg, letzter Stand 132/139 (Rest 7) - kein Abschluss.
20.09. 08:20:43  Balken seit 28 s weg, letzter Stand 132/139 (Rest 7) - kein Abschluss.
20.09. 08:20:44  Balken seit 29 s weg, letzter Stand 132/139 (Rest 7) - kein Abschluss.
20.09. 08:20:44  Balken seit 30 s weg, letzter Stand 132/139 (Rest 7) - kein Abschluss.
20.09. 08:20:45  Balken seit 30 s weg, letzter Stand 132/139 (Rest 7) - kein Abschluss.
20.09. 08:20:46  Balken seit 31 s weg, letzter Stand 132/139 (Rest 7) - kein Abschluss.
20.09. 08:20:46  Balken seit 32 s weg, letzter Stand 132/139 (Rest 7) - kein Abschluss.
20.09. 08:20:47  Balken seit 32 s weg, letzter Stand 132/139 (Rest 7) - kein Abschluss.
20.09. 08:20:48  Balken seit 33 s weg, letzter Stand 132/139 (Rest 7) - kein Abschluss.
20.09. 08:20:49  Balken seit 34 s weg, letzter Stand 132/139 (Rest 7) - kein Abschluss.
20.09. 08:20:49  Balken seit 34 s weg, letzter Stand 132/139 (Rest 7) - kein Abschluss.
20.09. 08:20:50  Balken seit 35 s weg, letzter Stand 132/139 (Rest 7) - kein Abschluss.
20.09. 08:20:51  Balken seit 36 s weg, letzter Stand 132/139 (Rest 7) - kein Abschluss.
20.09. 08:20:51  Balken seit 37 s weg, letzter Stand 132/139 (Rest 7) - kein Abschluss.
20.09. 08:20:52  Balken seit 37 s weg, letzter Stand 132/139 (Rest 7) - kein Abschluss.
20.09. 08:20:53  Balken seit 38 s weg, letzter Stand 132/139 (Rest 7) - kein Abschluss.
20.09. 08:20:53  Balken seit 39 s weg, letzter Stand 132/139 (Rest 7) - kein Abschluss.
20.09. 08:20:54  Balken seit 39 s weg, letzter Stand 132/139 (Rest 7) - kein Abschluss.
20.09. 08:20:55  Balken seit 40 s weg, letzter Stand 132/139 (Rest 7) - kein Abschluss.
20.09. 08:20:56  Balken seit 41 s weg, letzter Stand 132/139 (Rest 7) - kein Abschluss.
20.09. 08:20:56  Balken seit 42 s weg, letzter Stand 132/139 (Rest 7) - kein Abschluss.
20.09. 08:20:57  Balken seit 42 s weg, letzter Stand 132/139 (Rest 7) - kein Abschluss.
20.09. 08:20:58  Balken seit 44 s weg, letzter Stand 132/139 (Rest 7) - kein Abschluss.
20.09. 08:20:59  Balken seit 44 s weg, letzter Stand 132/139 (Rest 7) - kein Abschluss.
20.09. 08:21:00  Balken seit 45 s weg, letzter Stand 132/139 (Rest 7) - kein Abschluss.
20.09. 08:21:00  Balken seit 46 s weg, letzter Stand 132/139 (Rest 7) - kein Abschluss.
20.09. 08:21:01  Balken seit 46 s weg, letzter Stand 132/139 (Rest 7) - kein Abschluss.
20.09. 08:21:02  Balken seit 47 s weg, letzter Stand 132/139 (Rest 7) - kein Abschluss.
20.09. 08:21:03  Balken seit 48 s weg, letzter Stand 132/139 (Rest 7) - kein Abschluss.
20.09. 08:21:03  Balken seit 49 s weg, letzter Stand 132/139 (Rest 7) - kein Abschluss.
20.09. 08:21:04  Balken seit 49 s weg, letzter Stand 132/139 (Rest 7) - kein Abschluss.
20.09. 08:21:05  Balken seit 50 s weg, letzter Stand 132/139 (Rest 7) - kein Abschluss.
20.09. 08:21:05  Balken seit 51 s weg, letzter Stand 132/139 (Rest 7) - kein Abschluss.
20.09. 08:21:06  Balken seit 51 s weg, letzter Stand 132/139 (Rest 7) - kein Abschluss.
20.09. 08:21:07  Balken seit 52 s weg, letzter Stand 132/139 (Rest 7) - kein Abschluss.
20.09. 08:21:08  Balken seit 53 s weg, letzter Stand 132/139 (Rest 7) - kein Abschluss.
20.09. 08:21:08  Balken seit 53 s weg, letzter Stand 132/139 (Rest 7) - kein Abschluss.
20.09. 08:21:09  Balken seit 54 s weg, letzter Stand 132/139 (Rest 7) - kein Abschluss.
20.09. 08:21:10  Balken seit 55 s weg, letzter Stand 132/139 (Rest 7) - kein Abschluss.
20.09. 08:21:10  Balken seit 56 s weg, letzter Stand 132/139 (Rest 7) - kein Abschluss.
20.09. 08:21:11  Balken seit 56 s weg, letzter Stand 132/139 (Rest 7) - kein Abschluss.
20.09. 08:21:12  Balken seit 57 s weg, letzter Stand 132/139 (Rest 7) - kein Abschluss.
20.09. 08:21:12  Balken seit 58 s weg, letzter Stand 132/139 (Rest 7) - kein Abschluss.
20.09. 08:21:13  Balken seit 58 s weg, letzter Stand 132/139 (Rest 7) - kein Abschluss.
20.09. 08:21:14  Balken seit 59 s weg, letzter Stand 132/139 (Rest 7) - kein Abschluss.
20.09. 08:21:15  Balken seit 60 s weg, letzter Stand 132/139 (Rest 7) - kein Abschluss.
20.09. 08:21:15  Balken seit 60 s weg, letzter Stand 132/139 (Rest 7) - kein Abschluss.
20.09. 08:21:16  Balken seit 61 s weg, letzter Stand 132/139 (Rest 7) - kein Abschluss.
20.09. 08:21:17  Balken seit 62 s weg, letzter Stand 132/139 (Rest 7) - kein Abschluss.
20.09. 08:21:17  Balken seit 63 s weg, letzter Stand 132/139 (Rest 7) - kein Abschluss.
20.09. 08:21:18  Balken seit 63 s weg, letzter Stand 132/139 (Rest 7) - kein Abschluss.
20.09. 08:21:19  Balken seit 64 s weg, letzter Stand 132/139 (Rest 7) - kein Abschluss.
20.09. 08:21:19  Balken seit 65 s weg, letzter Stand 132/139 (Rest 7) - kein Abschluss.
20.09. 08:21:20  Balken seit 65 s weg, letzter Stand 132/139 (Rest 7) - kein Abschluss.
20.09. 08:21:21  Balken seit 66 s weg, letzter Stand 132/139 (Rest 7) - kein Abschluss.
20.09. 08:21:22  Balken seit 67 s weg, letzter Stand 132/139 (Rest 7) - kein Abschluss.
20.09. 08:21:22  Balken seit 68 s weg, letzter Stand 132/139 (Rest 7) - kein Abschluss.
20.09. 08:21:23  Balken seit 68 s weg, letzter Stand 132/139 (Rest 7) - kein Abschluss.
20.09. 08:21:24  Balken seit 69 s weg, letzter Stand 132/139 (Rest 7) - kein Abschluss.
20.09. 08:21:24  Balken seit 70 s weg, letzter Stand 132/139 (Rest 7) - kein Abschluss.
20.09. 08:21:25  Balken seit 70 s weg, letzter Stand 132/139 (Rest 7) - kein Abschluss.
20.09. 08:21:26  Balken seit 71 s weg, letzter Stand 132/139 (Rest 7) - kein Abschluss.
20.09. 08:21:27  Balken seit 72 s weg, letzter Stand 132/139 (Rest 7) - kein Abschluss.
20.09. 08:21:27  Balken seit 72 s weg, letzter Stand 132/139 (Rest 7) - kein Abschluss.
20.09. 08:21:28  Balken seit 73 s weg, letzter Stand 132/139 (Rest 7) - kein Abschluss.
20.09. 08:21:29  Balken seit 74 s weg, letzter Stand 132/139 (Rest 7) - kein Abschluss.
20.09. 08:21:29  Balken seit 75 s weg, letzter Stand 132/139 (Rest 7) - kein Abschluss.
20.09. 08:21:30  Balken seit 75 s weg, letzter Stand 132/139 (Rest 7) - kein Abschluss.
20.09. 08:21:31  Balken seit 76 s weg, letzter Stand 132/139 (Rest 7) - kein Abschluss.
20.09. 08:21:31  Balken seit 77 s weg, letzter Stand 132/139 (Rest 7) - kein Abschluss.
20.09. 08:21:32  Balken seit 77 s weg, letzter Stand 132/139 (Rest 7) - kein Abschluss.
20.09. 08:21:33  Balken seit 78 s weg, letzter Stand 132/139 (Rest 7) - kein Abschluss.
20.09. 08:21:34  Balken seit 79 s weg, letzter Stand 132/139 (Rest 7) - kein Abschluss.
20.09. 08:21:34  Balken seit 79 s weg, letzter Stand 132/139 (Rest 7) - kein Abschluss.
20.09. 08:21:35  Balken seit 80 s weg, letzter Stand 132/139 (Rest 7) - kein Abschluss.
20.09. 08:21:36  Balken seit 81 s weg, letzter Stand 132/139 (Rest 7) - kein Abschluss.
20.09. 08:21:36  Balken seit 82 s weg, letzter Stand 132/139 (Rest 7) - kein Abschluss.
20.09. 08:21:37  Balken seit 82 s weg, letzter Stand 132/139 (Rest 7) - kein Abschluss.
20.09. 08:21:38  Balken seit 83 s weg, letzter Stand 132/139 (Rest 7) - kein Abschluss.
20.09. 08:21:38  Balken seit 84 s weg, letzter Stand 132/139 (Rest 7) - kein Abschluss.
20.09. 08:21:39  Balken seit 84 s weg, letzter Stand 132/139 (Rest 7) - kein Abschluss.
20.09. 08:21:40  Balken seit 85 s weg, letzter Stand 132/139 (Rest 7) - kein Abschluss.
20.09. 08:21:41  Balken seit 86 s weg, letzter Stand 132/139 (Rest 7) - kein Abschluss.
20.09. 08:21:41  Balken seit 86 s weg, letzter Stand 132/139 (Rest 7) - kein Abschluss.
20.09. 08:21:42  Balken seit 87 s weg, letzter Stand 132/139 (Rest 7) - kein Abschluss.
20.09. 08:21:43  Balken seit 88 s weg, letzter Stand 132/139 (Rest 7) - kein Abschluss.
20.09. 08:21:43  Balken seit 89 s weg, letzter Stand 132/139 (Rest 7) - kein Abschluss.
20.09. 08:21:44  Balken seit 89 s weg, letzter Stand 132/139 (Rest 7) - kein Abschluss.
20.09. 08:21:45  Balken seit 90 s weg, letzter Stand 132/139 (Rest 7) - kein Abschluss.
20.09. 08:21:45  Balken seit 91 s weg, letzter Stand 132/139 (Rest 7) - kein Abschluss.
20.09. 08:21:46  Balken seit 91 s weg, letzter Stand 132/139 (Rest 7) - kein Abschluss.
20.09. 08:21:47  Balken seit 92 s weg, letzter Stand 132/139 (Rest 7) - kein Abschluss.
20.09. 08:21:48  Balken seit 93 s weg, letzter Stand 132/139 (Rest 7) - kein Abschluss.
20.09. 08:21:48  Balken seit 94 s weg, letzter Stand 132/139 (Rest 7) - kein Abschluss.
20.09. 08:21:49  Balken seit 94 s weg, letzter Stand 132/139 (Rest 7) - kein Abschluss.
20.09. 08:21:50  Balken seit 95 s weg, letzter Stand 132/139 (Rest 7) - kein Abschluss.
20.09. 08:21:50  Balken seit 96 s weg, letzter Stand 132/139 (Rest 7) - kein Abschluss.
20.09. 08:21:51  Balken seit 96 s weg, letzter Stand 132/139 (Rest 7) - kein Abschluss.
20.09. 08:21:52  Balken seit 97 s weg, letzter Stand 132/139 (Rest 7) - kein Abschluss.
20.09. 08:21:53  Balken seit 98 s weg, letzter Stand 132/139 (Rest 7) - kein Abschluss.
20.09. 08:21:53  Balken seit 98 s weg, letzter Stand 132/139 (Rest 7) - kein Abschluss.
20.09. 08:21:54  Balken seit 99 s weg, letzter Stand 132/139 (Rest 7) - kein Abschluss.
20.09. 08:21:55  Balken seit 100 s weg, letzter Stand 132/139 (Rest 7) - kein Abschluss.
20.09. 08:21:55  Balken seit 101 s weg, letzter Stand 132/139 (Rest 7) - kein Abschluss.
20.09. 08:21:56  Balken seit 101 s weg, letzter Stand 132/139 (Rest 7) - kein Abschluss.
20.09. 08:21:57  Balken seit 102 s weg, letzter Stand 132/139 (Rest 7) - kein Abschluss.
20.09. 08:21:57  Balken seit 103 s weg, letzter Stand 132/139 (Rest 7) - kein Abschluss.
20.09. 08:21:58  Balken seit 103 s weg, letzter Stand 132/139 (Rest 7) - kein Abschluss.
20.09. 08:21:59  Balken seit 104 s weg, letzter Stand 132/139 (Rest 7) - kein Abschluss.
20.09. 08:22:00  Balken seit 105 s weg, letzter Stand 132/139 (Rest 7) - kein Abschluss.
20.09. 08:22:00  Balken seit 105 s weg, letzter Stand 132/139 (Rest 7) - kein Abschluss.
20.09. 08:22:01  Balken seit 106 s weg, letzter Stand 132/139 (Rest 7) - kein Abschluss.
20.09. 08:22:02  Balken seit 108 s weg, letzter Stand 132/139 (Rest 7) - kein Abschluss.
20.09. 08:22:03  Balken seit 108 s weg, letzter Stand 132/139 (Rest 7) - kein Abschluss.
20.09. 08:22:04  Balken seit 109 s weg, letzter Stand 132/139 (Rest 7) - kein Abschluss.
20.09. 08:22:04  Balken seit 110 s weg, letzter Stand 132/139 (Rest 7) - kein Abschluss.
20.09. 08:22:05  Balken seit 110 s weg, letzter Stand 132/139 (Rest 7) - kein Abschluss.
20.09. 08:22:06  Balken seit 111 s weg, letzter Stand 132/139 (Rest 7) - kein Abschluss.
20.09. 08:22:07  Balken seit 112 s weg, letzter Stand 132/139 (Rest 7) - kein Abschluss.
20.09. 08:22:07  Balken seit 113 s weg, letzter Stand 132/139 (Rest 7) - kein Abschluss.
28.09. 10:39:33  Balken seit 387 s weg, letzter Stand 14/166 (Rest 152) - kein Abschluss.
28.09. 10:39:34  Balken seit 388 s weg, letzter Stand 14/166 (Rest 152) - kein Abschluss.
28.09. 10:39:35  Balken seit 389 s weg, letzter Stand 14/166 (Rest 152) - kein Abschluss.
28.09. 10:39:35  Balken seit 390 s weg, letzter Stand 14/166 (Rest 152) - kein Abschluss.
28.09. 10:39:36  Balken seit 390 s weg, letzter Stand 14/166 (Rest 152) - kein Abschluss.
28.09. 10:39:37  Balken seit 391 s weg, letzter Stand 14/166 (Rest 152) - kein Abschluss.
28.09. 10:39:37  Balken seit 392 s weg, letzter Stand 14/166 (Rest 152) - kein Abschluss.
28.09. 10:39:38  Balken seit 392 s weg, letzter Stand 14/166 (Rest 152) - kein Abschluss.
28.09. 10:39:39  Balken seit 393 s weg, letzter Stand 14/166 (Rest 152) - kein Abschluss.
28.09. 10:39:40  Balken seit 394 s weg, letzter Stand 14/166 (Rest 152) - kein Abschluss.
28.09. 10:39:40  Balken seit 394 s weg, letzter Stand 14/166 (Rest 152) - kein Abschluss.
28.09. 10:39:41  Balken seit 395 s weg, letzter Stand 14/166 (Rest 152) - kein Abschluss.
28.09. 10:39:42  Balken seit 396 s weg, letzter Stand 14/166 (Rest 152) - kein Abschluss.
28.09. 10:39:42  Balken seit 397 s weg, letzter Stand 14/166 (Rest 152) - kein Abschluss.
28.09. 10:39:43  Balken seit 397 s weg, letzter Stand 14/166 (Rest 152) - kein Abschluss.
28.09. 10:39:44  Balken seit 398 s weg, letzter Stand 14/166 (Rest 152) - kein Abschluss.
28.09. 10:39:44  Balken seit 399 s weg, letzter Stand 14/166 (Rest 152) - kein Abschluss.
28.09. 10:39:45  Balken seit 399 s weg, letzter Stand 14/166 (Rest 152) - kein Abschluss.
28.09. 10:39:46  Balken seit 400 s weg, letzter Stand 14/166 (Rest 152) - kein Abschluss.
28.09. 10:39:47  Balken seit 401 s weg, letzter Stand 14/166 (Rest 152) - kein Abschluss.
28.09. 10:39:47  Balken seit 401 s weg, letzter Stand 14/166 (Rest 152) - kein Abschluss.
28.09. 10:39:48  Balken seit 402 s weg, letzter Stand 14/166 (Rest 152) - kein Abschluss.
28.09. 10:39:49  Balken seit 404 s weg, letzter Stand 14/166 (Rest 152) - kein Abschluss.
28.09. 10:39:50  Balken seit 404 s weg, letzter Stand 14/166 (Rest 152) - kein Abschluss.
28.09. 10:39:51  Balken seit 405 s weg, letzter Stand 14/166 (Rest 152) - kein Abschluss.
28.09. 10:39:51  Balken seit 406 s weg, letzter Stand 14/166 (Rest 152) - kein Abschluss.
28.09. 10:39:52  Balken seit 406 s weg, letzter Stand 14/166 (Rest 152) - kein Abschluss.
28.09. 10:39:53  Balken seit 407 s weg, letzter Stand 14/166 (Rest 152) - kein Abschluss.
28.09. 10:39:54  Balken seit 408 s weg, letzter Stand 14/166 (Rest 152) - kein Abschluss.
28.09. 10:39:54  Balken seit 408 s weg, letzter Stand 14/166 (Rest 152) - kein Abschluss.
28.09. 10:39:55  Balken seit 409 s weg, letzter Stand 14/166 (Rest 152) - kein Abschluss.
28.09. 10:39:56  Balken seit 410 s weg, letzter Stand 14/166 (Rest 152) - kein Abschluss.
28.09. 10:39:56  Balken seit 411 s weg, letzter Stand 14/166 (Rest 152) - kein Abschluss.
28.09. 10:39:57  Balken seit 411 s weg, letzter Stand 14/166 (Rest 152) - kein Abschluss.
28.09. 10:39:58  Balken seit 412 s weg, letzter Stand 14/166 (Rest 152) - kein Abschluss.
28.09. 10:39:59  Balken seit 413 s weg, letzter Stand 14/166 (Rest 152) - kein Abschluss.
28.09. 10:39:59  Balken seit 413 s weg, letzter Stand 14/166 (Rest 152) - kein Abschluss.
28.09. 10:40:00  Balken seit 414 s weg, letzter Stand 14/166 (Rest 152) - kein Abschluss.
28.09. 10:40:01  Balken seit 415 s weg, letzter Stand 14/166 (Rest 152) - kein Abschluss.
28.09. 10:40:01  Balken seit 416 s weg, letzter Stand 14/166 (Rest 152) - kein Abschluss.
28.09. 10:40:02  Balken seit 416 s weg, letzter Stand 14/166 (Rest 152) - kein Abschluss.
28.09. 10:40:03  Balken seit 417 s weg, letzter Stand 14/166 (Rest 152) - kein Abschluss.
28.09. 10:40:03  Balken seit 418 s weg, letzter Stand 14/166 (Rest 152) - kein Abschluss.
28.09. 10:40:04  Balken seit 418 s weg, letzter Stand 14/166 (Rest 152) - kein Abschluss.
28.09. 10:40:05  Balken seit 419 s weg, letzter Stand 14/166 (Rest 152) - kein Abschluss.
28.09. 10:40:06  Balken seit 420 s weg, letzter Stand 14/166 (Rest 152) - kein Abschluss.
28.09. 10:40:06  Balken seit 420 s weg, letzter Stand 14/166 (Rest 152) - kein Abschluss.
28.09. 10:40:07  Balken seit 421 s weg, letzter Stand 14/166 (Rest 152) - kein Abschluss.
28.09. 10:40:08  Balken seit 422 s weg, letzter Stand 14/166 (Rest 152) - kein Abschluss.
28.09. 10:40:08  Balken seit 423 s weg, letzter Stand 14/166 (Rest 152) - kein Abschluss.
28.09. 10:40:09  Balken seit 423 s weg, letzter Stand 14/166 (Rest 152) - kein Abschluss.
28.09. 10:40:10  Balken seit 424 s weg, letzter Stand 14/166 (Rest 152) - kein Abschluss.
28.09. 10:40:10  Balken seit 425 s weg, letzter Stand 14/166 (Rest 152) - kein Abschluss.
28.09. 10:40:11  Balken seit 425 s weg, letzter Stand 14/166 (Rest 152) - kein Abschluss.
28.09. 10:40:12  Balken seit 426 s weg, letzter Stand 14/166 (Rest 152) - kein Abschluss.
28.09. 10:40:13  Balken seit 427 s weg, letzter Stand 14/166 (Rest 152) - kein Abschluss.
28.09. 10:40:14  Balken seit 428 s weg, letzter Stand 14/166 (Rest 152) - kein Abschluss.
28.09. 10:40:15  Balken seit 429 s weg, letzter Stand 14/166 (Rest 152) - kein Abschluss.
28.09. 10:40:15  Balken seit 430 s weg, letzter Stand 14/166 (Rest 152) - kein Abschluss.
28.09. 10:40:16  Balken seit 430 s weg, letzter Stand 14/166 (Rest 152) - kein Abschluss.
28.09. 10:40:17  Balken seit 431 s weg, letzter Stand 14/166 (Rest 152) - kein Abschluss.
28.09. 10:40:18  Balken seit 432 s weg, letzter Stand 14/166 (Rest 152) - kein Abschluss.
28.09. 10:40:18  Balken seit 432 s weg, letzter Stand 14/166 (Rest 152) - kein Abschluss.
28.09. 10:40:19  Balken seit 433 s weg, letzter Stand 14/166 (Rest 152) - kein Abschluss.
28.09. 10:40:20  Balken seit 434 s weg, letzter Stand 14/166 (Rest 152) - kein Abschluss.
28.09. 10:40:20  Balken seit 435 s weg, letzter Stand 14/166 (Rest 152) - kein Abschluss.
28.09. 10:40:21  Balken seit 435 s weg, letzter Stand 14/166 (Rest 152) - kein Abschluss.
28.09. 10:40:22  Balken seit 436 s weg, letzter Stand 14/166 (Rest 152) - kein Abschluss.
28.09. 10:40:22  Balken seit 437 s weg, letzter Stand 14/166 (Rest 152) - kein Abschluss.
28.09. 10:40:23  Balken seit 437 s weg, letzter Stand 14/166 (Rest 152) - kein Abschluss.
28.09. 10:40:24  Balken seit 438 s weg, letzter Stand 14/166 (Rest 152) - kein Abschluss.
28.09. 10:40:24  Ablauf (Test) mit 5 Schritten: Sammeln abbrechen nach 900 ms, Inventar öffnen nach 800 ms, Gegenstand wegwerfen nach 1200 ms, Inventar schließen nach 1000 ms, Sammeln starten nach 1000 ms
28.09. 10:40:25  Balken seit 439 s weg, letzter Stand 14/166 (Rest 152) - kein Abschluss.
28.09. 10:40:25  Schritt 1/5: Sammeln abbrechen - Taste e an FiveM® by Cfx.re - [GERMAN] Narco City II | Roleplay mit Niv
28.09. 10:40:25  Balken seit 439 s weg, letzter Stand 14/166 (Rest 152) - kein Abschluss.
28.09. 10:40:26  Schritt 2/5: Inventar öffnen - Taste i an FiveM® by Cfx.re - [GERMAN] Narco City II | Roleplay mit Niv
28.09. 10:40:28  Schritt 3/5: Gegenstand wegwerfen - Rechtsklick x233 y383 an FiveM® by Cfx.re - [GERMAN] Narco City II | Roleplay mit Niv
28.09. 10:40:29  Schritt 4/5: Inventar schließen - Taste Escape an FiveM® by Cfx.re - [GERMAN] Narco City II | Roleplay mit Niv
28.09. 10:40:30  Schritt 5/5: Sammeln starten - Taste e an FiveM® by Cfx.re - [GERMAN] Narco City II | Roleplay mit Niv
28.09. 10:40:53  Ablauf (Test) mit 5 Schritten: Sammeln abbrechen nach 900 ms, Inventar öffnen nach 800 ms, Gegenstand wegwerfen nach 1200 ms, Inventar schließen nach 1000 ms, Sammeln starten nach 1000 ms
28.09. 10:40:54  Schritt 1/5: Sammeln abbrechen - Taste e an FiveM® by Cfx.re - [GERMAN] Narco City II | Roleplay mit Niv
28.09. 10:40:55  Schritt 2/5: Inventar öffnen - Taste i an FiveM® by Cfx.re - [GERMAN] Narco City II | Roleplay mit Niv
28.09. 10:40:56  Schritt 3/5: Gegenstand wegwerfen - Rechtsklick x233 y383 an FiveM® by Cfx.re - [GERMAN] Narco City II | Roleplay mit Niv
28.09. 10:40:58  Schritt 4/5: Inventar schließen - Taste Escape an FiveM® by Cfx.re - [GERMAN] Narco City II | Roleplay mit Niv
28.09. 10:40:59  Schritt 5/5: Sammeln starten - Taste e an FiveM® by Cfx.re - [GERMAN] Narco City II | Roleplay mit Niv
28.09. 10:48:22  --- FERTIG - 168 / 168  (Stand 168/168, Ziel 168, Auftrag durch)
28.09. 10:48:22  Ablauf mit 4 Schritten: Inventar öffnen nach 800 ms, Gegenstand wegwerfen nach 1200 ms, Inventar schließen nach 1000 ms, Sammeln starten nach 1000 ms
28.09. 10:48:23  Schritt 1/4: Inventar öffnen - Taste i an FiveM® by Cfx.re - [GERMAN] Narco City II | Roleplay mit Niv
28.09. 10:48:25  Schritt 2/4: Gegenstand wegwerfen - Rechtsklick x233 y383 an FiveM® by Cfx.re - [GERMAN] Narco City II | Roleplay mit Niv
28.09. 10:48:26  Schritt 3/4: Inventar schließen - Taste Escape an FiveM® by Cfx.re - [GERMAN] Narco City II | Roleplay mit Niv
28.09. 10:48:27  Schritt 4/4: Sammeln starten - Taste e an FiveM® by Cfx.re - [GERMAN] Narco City II | Roleplay mit Niv
28.09. 10:55:28  --- FERTIG - 168 / 168  (Stand 168/168, Ziel 168, Auftrag durch)
28.09. 10:55:28  Ablauf mit 4 Schritten: Inventar öffnen nach 800 ms, Gegenstand wegwerfen nach 1200 ms, Inventar schließen nach 1000 ms, Sammeln starten nach 1000 ms
28.09. 10:55:29  Schritt 1/4: Inventar öffnen - Taste i an FiveM® by Cfx.re - [GERMAN] Narco City II | Roleplay mit Niv
28.09. 10:55:30  Schritt 2/4: Gegenstand wegwerfen - Rechtsklick x233 y383 an FiveM® by Cfx.re - [GERMAN] Narco City II | Roleplay mit Niv
28.09. 10:55:31  Schritt 3/4: Inventar schließen - Taste Escape an FiveM® by Cfx.re - [GERMAN] Narco City II | Roleplay mit Niv
28.09. 10:55:33  Schritt 4/4: Sammeln starten - Taste e an FiveM® by Cfx.re - [GERMAN] Narco City II | Roleplay mit Niv
28.09. 11:02:33  --- FERTIG - 168 / 168  (Stand 168/168, Ziel 168, Auftrag durch)
28.09. 11:02:33  Ablauf mit 4 Schritten: Inventar öffnen nach 800 ms, Gegenstand wegwerfen nach 1200 ms, Inventar schließen nach 1000 ms, Sammeln starten nach 1000 ms
28.09. 11:02:34  Schritt 1/4: Inventar öffnen - Taste i an FiveM® by Cfx.re - [GERMAN] Narco City II | Roleplay mit Niv
28.09. 11:02:36  Schritt 2/4: Gegenstand wegwerfen - Rechtsklick x233 y383 an FiveM® by Cfx.re - [GERMAN] Narco City II | Roleplay mit Niv
28.09. 11:02:37  Schritt 3/4: Inventar schließen - Taste Escape an FiveM® by Cfx.re - [GERMAN] Narco City II | Roleplay mit Niv
28.09. 11:02:38  Schritt 4/4: Sammeln starten - Taste e an FiveM® by Cfx.re - [GERMAN] Narco City II | Roleplay mit Niv
28.09. 11:09:39  --- FERTIG - 168 / 168  (Stand 168/168, Ziel 168, Auftrag durch)
28.09. 11:09:39  Ablauf mit 4 Schritten: Inventar öffnen nach 800 ms, Gegenstand wegwerfen nach 1200 ms, Inventar schließen nach 1000 ms, Sammeln starten nach 1000 ms
28.09. 11:09:40  Schritt 1/4: Inventar öffnen - Taste i an FiveM® by Cfx.re - [GERMAN] Narco City II | Roleplay mit Niv
28.09. 11:09:42  Schritt 2/4: Gegenstand wegwerfen - Rechtsklick x233 y383 an FiveM® by Cfx.re - [GERMAN] Narco City II | Roleplay mit Niv
28.09. 11:09:43  Schritt 3/4: Inventar schließen - Taste Escape an FiveM® by Cfx.re - [GERMAN] Narco City II | Roleplay mit Niv
28.09. 11:09:44  Schritt 4/4: Sammeln starten - Taste e an FiveM® by Cfx.re - [GERMAN] Narco City II | Roleplay mit Niv
28.09. 11:16:45  --- FERTIG - 168 / 168  (Stand 168/168, Ziel 168, Auftrag durch)
28.09. 11:16:45  Ablauf mit 4 Schritten: Inventar öffnen nach 800 ms, Gegenstand wegwerfen nach 1200 ms, Inventar schließen nach 1000 ms, Sammeln starten nach 1000 ms
28.09. 11:16:46  Schritt 1/4: Inventar öffnen - Taste i an FiveM® by Cfx.re - [GERMAN] Narco City II | Roleplay mit Niv
28.09. 11:16:48  Schritt 2/4: Gegenstand wegwerfen - Rechtsklick x233 y383 an FiveM® by Cfx.re - [GERMAN] Narco City II | Roleplay mit Niv
28.09. 11:16:49  Schritt 3/4: Inventar schließen - Taste Escape an FiveM® by Cfx.re - [GERMAN] Narco City II | Roleplay mit Niv
28.09. 11:16:50  Schritt 4/4: Sammeln starten - Taste e an FiveM® by Cfx.re - [GERMAN] Narco City II | Roleplay mit Niv
28.09. 11:23:50  --- FERTIG - 168 / 168  (Stand 168/168, Ziel 168, Auftrag durch)
28.09. 11:23:50  Ablauf mit 4 Schritten: Inventar öffnen nach 800 ms, Gegenstand wegwerfen nach 1200 ms, Inventar schließen nach 1000 ms, Sammeln starten nach 1000 ms
28.09. 11:23:52  Schritt 1/4: Inventar öffnen - Taste i an FiveM® by Cfx.re - [GERMAN] Narco City II | Roleplay mit Niv
28.09. 11:23:53  Schritt 2/4: Gegenstand wegwerfen - Rechtsklick x233 y383 an FiveM® by Cfx.re - [GERMAN] Narco City II | Roleplay mit Niv
28.09. 11:23:55  Schritt 3/4: Inventar schließen - Taste Escape an FiveM® by Cfx.re - [GERMAN] Narco City II | Roleplay mit Niv
28.09. 11:23:56  Schritt 4/4: Sammeln starten - Taste e an FiveM® by Cfx.re - [GERMAN] Narco City II | Roleplay mit Niv
28.09. 11:30:57  --- FERTIG - 168 / 168  (Stand 168/168, Ziel 168, Auftrag durch)
28.09. 11:30:57  Ablauf mit 4 Schritten: Inventar öffnen nach 800 ms, Gegenstand wegwerfen nach 1200 ms, Inventar schließen nach 1000 ms, Sammeln starten nach 1000 ms
28.09. 11:30:58  Schritt 1/4: Inventar öffnen - Taste i an FiveM® by Cfx.re - [GERMAN] Narco City II | Roleplay mit Niv
28.09. 11:30:59  Schritt 2/4: Gegenstand wegwerfen - Rechtsklick x233 y383 an FiveM® by Cfx.re - [GERMAN] Narco City II | Roleplay mit Niv
28.09. 11:31:01  Schritt 3/4: Inventar schließen - Taste Escape an FiveM® by Cfx.re - [GERMAN] Narco City II | Roleplay mit Niv
28.09. 11:31:02  Schritt 4/4: Sammeln starten - Taste e an FiveM® by Cfx.re - [GERMAN] Narco City II | Roleplay mit Niv
28.09. 11:38:12  Balken seit 11 s weg, letzter Stand 166/168 (Rest 2) - gilt als fertig.
28.09. 11:38:12  --- FERTIG (Balken weg bei 166/168, Rest 2)  (Stand 166/168, Ziel 168, Auftrag durch)
28.09. 11:38:12  Ablauf mit 4 Schritten: Inventar öffnen nach 800 ms, Gegenstand wegwerfen nach 1200 ms, Inventar schließen nach 1000 ms, Sammeln starten nach 1000 ms
28.09. 11:38:13  Schritt 1/4: Inventar öffnen - Taste i an FiveM® by Cfx.re - [GERMAN] Narco City II | Roleplay mit Niv
28.09. 11:38:15  Schritt 2/4: Gegenstand wegwerfen - Rechtsklick x233 y383 an FiveM® by Cfx.re - [GERMAN] Narco City II | Roleplay mit Niv
28.09. 11:38:16  Schritt 3/4: Inventar schließen - Taste Escape an FiveM® by Cfx.re - [GERMAN] Narco City II | Roleplay mit Niv
28.09. 11:38:17  Schritt 4/4: Sammeln starten - Taste e an FiveM® by Cfx.re - [GERMAN] Narco City II | Roleplay mit Niv
28.09. 11:45:18  --- FERTIG - 168 / 168  (Stand 168/168, Ziel 168, Auftrag durch)
28.09. 11:45:18  Ablauf mit 4 Schritten: Inventar öffnen nach 800 ms, Gegenstand wegwerfen nach 1200 ms, Inventar schließen nach 1000 ms, Sammeln starten nach 1000 ms
28.09. 11:45:19  Schritt 1/4: Inventar öffnen - Taste i an FiveM® by Cfx.re - [GERMAN] Narco City II | Roleplay mit Niv
28.09. 11:45:20  Schritt 2/4: Gegenstand wegwerfen - Rechtsklick x233 y383 an FiveM® by Cfx.re - [GERMAN] Narco City II | Roleplay mit Niv
28.09. 11:45:21  Schritt 3/4: Inventar schließen - Taste Escape an FiveM® by Cfx.re - [GERMAN] Narco City II | Roleplay mit Niv
28.09. 11:45:23  Schritt 4/4: Sammeln starten - Taste e an FiveM® by Cfx.re - [GERMAN] Narco City II | Roleplay mit Niv
28.09. 11:52:39  --- FERTIG - 40 / 40  (Stand 40/40, Ziel 40, Auftrag durch)
28.09. 11:52:39  Ablauf mit 4 Schritten: Inventar öffnen nach 800 ms, Gegenstand wegwerfen nach 1200 ms, Inventar schließen nach 1000 ms, Sammeln starten nach 1000 ms
28.09. 11:52:40  Schritt 1/4: Inventar öffnen - Taste i an FiveM® by Cfx.re - [GERMAN] Narco City II | Roleplay mit Niv
28.09. 11:52:41  Schritt 2/4: Gegenstand wegwerfen - Rechtsklick x233 y383 an FiveM® by Cfx.re - [GERMAN] Narco City II | Roleplay mit Niv
28.09. 11:52:43  Schritt 3/4: Inventar schließen - Taste Escape an FiveM® by Cfx.re - [GERMAN] Narco City II | Roleplay mit Niv
28.09. 11:52:44  Schritt 4/4: Sammeln starten - Taste e an FiveM® by Cfx.re - [GERMAN] Narco City II | Roleplay mit Niv
28.09. 12:48:50  --- FERTIG - 166 / 166  (Stand 166/166, Ziel 166, Auftrag durch)
28.09. 12:48:50  Ablauf mit 4 Schritten: Inventar öffnen nach 800 ms, Gegenstand wegwerfen nach 1200 ms, Inventar schließen nach 1000 ms, Sammeln starten nach 1000 ms
28.09. 12:48:51  Schritt 1/4: Inventar öffnen - Taste i an FiveM® by Cfx.re - [GERMAN] Narco City II | Roleplay mit Niv
28.09. 12:48:53  Schritt 2/4: Gegenstand wegwerfen - Rechtsklick x233 y383 an FiveM® by Cfx.re - [GERMAN] Narco City II | Roleplay mit Niv
28.09. 12:48:54  Schritt 3/4: Inventar schließen - Taste Escape an FiveM® by Cfx.re - [GERMAN] Narco City II | Roleplay mit Niv
28.09. 12:48:55  Schritt 4/4: Sammeln starten - Taste e an FiveM® by Cfx.re - [GERMAN] Narco City II | Roleplay mit Niv
28.09. 12:56:17  --- FERTIG - 166 / 166  (Stand 166/166, Ziel 166, Auftrag durch)
28.09. 12:56:17  Ablauf mit 4 Schritten: Inventar öffnen nach 800 ms, Gegenstand wegwerfen nach 1200 ms, Inventar schließen nach 1000 ms, Sammeln starten nach 1000 ms
28.09. 12:56:19  Schritt 1/4: Inventar öffnen - Taste i an FiveM® by Cfx.re - [GERMAN] Narco City II | Roleplay mit Niv
28.09. 12:56:20  Schritt 2/4: Gegenstand wegwerfen - Rechtsklick x233 y383 an FiveM® by Cfx.re - [GERMAN] Narco City II | Roleplay mit Niv
28.09. 12:56:21  Schritt 3/4: Inventar schließen - Taste Escape an FiveM® by Cfx.re - [GERMAN] Narco City II | Roleplay mit Niv
28.09. 12:56:22  Schritt 4/4: Sammeln starten - Taste e an FiveM® by Cfx.re - [GERMAN] Narco City II | Roleplay mit Niv
28.09. 13:03:19  --- FERTIG - 166 / 166  (Stand 166/166, Ziel 166, Auftrag durch)
28.09. 13:03:19  Ablauf mit 4 Schritten: Inventar öffnen nach 800 ms, Gegenstand wegwerfen nach 1200 ms, Inventar schließen nach 1000 ms, Sammeln starten nach 1000 ms
28.09. 13:03:20  Schritt 1/4: Inventar öffnen - Taste i an FiveM® by Cfx.re - [GERMAN] Narco City II | Roleplay mit Niv
28.09. 13:03:21  Schritt 2/4: Gegenstand wegwerfen - Rechtsklick x233 y383 an FiveM® by Cfx.re - [GERMAN] Narco City II | Roleplay mit Niv
28.09. 13:03:23  Schritt 3/4: Inventar schließen - Taste Escape an FiveM® by Cfx.re - [GERMAN] Narco City II | Roleplay mit Niv
28.09. 13:03:24  Schritt 4/4: Sammeln starten - Taste e an FiveM® by Cfx.re - [GERMAN] Narco City II | Roleplay mit Niv
28.09. 13:10:19  --- FERTIG - 166 / 166  (Stand 166/166, Ziel 166, Auftrag durch)
28.09. 13:10:19  Ablauf mit 4 Schritten: Inventar öffnen nach 800 ms, Gegenstand wegwerfen nach 1200 ms, Inventar schließen nach 1000 ms, Sammeln starten nach 1000 ms
28.09. 13:10:20  Schritt 1/4: Inventar öffnen - Taste i an FiveM® by Cfx.re - [GERMAN] Narco City II | Roleplay mit Niv
28.09. 13:10:22  Schritt 2/4: Gegenstand wegwerfen - Rechtsklick x233 y383 an FiveM® by Cfx.re - [GERMAN] Narco City II | Roleplay mit Niv
28.09. 13:10:23  Schritt 3/4: Inventar schließen - Taste Escape an FiveM® by Cfx.re - [GERMAN] Narco City II | Roleplay mit Niv
28.09. 13:10:24  Schritt 4/4: Sammeln starten - Taste e an FiveM® by Cfx.re - [GERMAN] Narco City II | Roleplay mit Niv
28.09. 13:17:20  --- FERTIG - 166 / 166  (Stand 166/166, Ziel 166, Auftrag durch)
28.09. 13:17:20  Ablauf mit 4 Schritten: Inventar öffnen nach 800 ms, Gegenstand wegwerfen nach 1200 ms, Inventar schließen nach 1000 ms, Sammeln starten nach 1000 ms
28.09. 13:17:22  Schritt 1/4: Inventar öffnen - Taste i an FiveM® by Cfx.re - [GERMAN] Narco City II | Roleplay mit Niv
28.09. 13:17:23  Schritt 2/4: Gegenstand wegwerfen - Rechtsklick x233 y383 an FiveM® by Cfx.re - [GERMAN] Narco City II | Roleplay mit Niv
28.09. 13:17:24  Schritt 3/4: Inventar schließen - Taste Escape an FiveM® by Cfx.re - [GERMAN] Narco City II | Roleplay mit Niv
28.09. 13:17:25  Schritt 4/4: Sammeln starten - Taste e an FiveM® by Cfx.re - [GERMAN] Narco City II | Roleplay mit Niv
28.09. 13:24:26  --- FERTIG - 168 / 168  (Stand 168/168, Ziel 168, Auftrag durch)
28.09. 13:24:26  Ablauf mit 4 Schritten: Inventar öffnen nach 800 ms, Gegenstand wegwerfen nach 1200 ms, Inventar schließen nach 1000 ms, Sammeln starten nach 1000 ms
28.09. 13:24:27  Schritt 1/4: Inventar öffnen - Taste i an FiveM® by Cfx.re - [GERMAN] Narco City II | Roleplay mit Niv
28.09. 13:24:29  Schritt 2/4: Gegenstand wegwerfen - Rechtsklick x233 y383 an FiveM® by Cfx.re - [GERMAN] Narco City II | Roleplay mit Niv
28.09. 13:24:30  Schritt 3/4: Inventar schließen - Taste Escape an FiveM® by Cfx.re - [GERMAN] Narco City II | Roleplay mit Niv
28.09. 13:24:31  Schritt 4/4: Sammeln starten - Taste e an FiveM® by Cfx.re - [GERMAN] Narco City II | Roleplay mit Niv
28.09. 13:31:32  --- FERTIG - 168 / 168  (Stand 168/168, Ziel 168, Auftrag durch)
28.09. 13:31:32  Ablauf mit 4 Schritten: Inventar öffnen nach 800 ms, Gegenstand wegwerfen nach 1200 ms, Inventar schließen nach 1000 ms, Sammeln starten nach 1000 ms
28.09. 13:31:33  Schritt 1/4: Inventar öffnen - Taste i an FiveM® by Cfx.re - [GERMAN] Narco City II | Roleplay mit Niv
28.09. 13:31:34  Schritt 2/4: Gegenstand wegwerfen - Rechtsklick x233 y383 an FiveM® by Cfx.re - [GERMAN] Narco City II | Roleplay mit Niv
28.09. 13:31:35  Schritt 3/4: Inventar schließen - Taste Escape an FiveM® by Cfx.re - [GERMAN] Narco City II | Roleplay mit Niv
28.09. 13:31:37  Schritt 4/4: Sammeln starten - Taste e an FiveM® by Cfx.re - [GERMAN] Narco City II | Roleplay mit Niv
28.09. 13:38:38  --- FERTIG - 168 / 168  (Stand 168/168, Ziel 168, Auftrag durch)
28.09. 13:38:38  Ablauf mit 4 Schritten: Inventar öffnen nach 800 ms, Gegenstand wegwerfen nach 1200 ms, Inventar schließen nach 1000 ms, Sammeln starten nach 1000 ms
28.09. 13:38:39  Schritt 1/4: Inventar öffnen - Taste i an FiveM® by Cfx.re - [GERMAN] Narco City II | Roleplay mit Niv
28.09. 13:38:41  Schritt 2/4: Gegenstand wegwerfen - Rechtsklick x233 y383 an FiveM® by Cfx.re - [GERMAN] Narco City II | Roleplay mit Niv
28.09. 13:38:42  Schritt 3/4: Inventar schließen - Taste Escape an FiveM® by Cfx.re - [GERMAN] Narco City II | Roleplay mit Niv
28.09. 13:38:43  Schritt 4/4: Sammeln starten - Taste e an FiveM® by Cfx.re - [GERMAN] Narco City II | Roleplay mit Niv
28.09. 13:45:43  --- FERTIG - 168 / 168  (Stand 168/168, Ziel 168, Auftrag durch)
28.09. 13:45:43  Ablauf mit 4 Schritten: Inventar öffnen nach 800 ms, Gegenstand wegwerfen nach 1200 ms, Inventar schließen nach 1000 ms, Sammeln starten nach 1000 ms
28.09. 13:45:45  Schritt 1/4: Inventar öffnen - Taste i an FiveM® by Cfx.re - [GERMAN] Narco City II | Roleplay mit Niv
28.09. 13:45:46  Schritt 2/4: Gegenstand wegwerfen - Rechtsklick x233 y383 an FiveM® by Cfx.re - [GERMAN] Narco City II | Roleplay mit Niv
28.09. 13:45:47  Schritt 3/4: Inventar schließen - Taste Escape an FiveM® by Cfx.re - [GERMAN] Narco City II | Roleplay mit Niv
28.09. 13:45:48  Schritt 4/4: Sammeln starten - Taste e an FiveM® by Cfx.re - [GERMAN] Narco City II | Roleplay mit Niv
28.09. 13:52:49  --- FERTIG - 168 / 168  (Stand 168/168, Ziel 168, Auftrag durch)
28.09. 13:52:49  Ablauf mit 4 Schritten: Inventar öffnen nach 800 ms, Gegenstand wegwerfen nach 1200 ms, Inventar schließen nach 1000 ms, Sammeln starten nach 1000 ms
28.09. 13:52:50  Schritt 1/4: Inventar öffnen - Taste i an FiveM® by Cfx.re - [GERMAN] Narco City II | Roleplay mit Niv
28.09. 13:52:52  Schritt 2/4: Gegenstand wegwerfen - Rechtsklick x233 y383 an FiveM® by Cfx.re - [GERMAN] Narco City II | Roleplay mit Niv
28.09. 13:52:53  Schritt 3/4: Inventar schließen - Taste Escape an FiveM® by Cfx.re - [GERMAN] Narco City II | Roleplay mit Niv
28.09. 13:52:54  Schritt 4/4: Sammeln starten - Taste e an FiveM® by Cfx.re - [GERMAN] Narco City II | Roleplay mit Niv
28.09. 13:59:55  --- FERTIG - 168 / 168  (Stand 168/168, Ziel 168, Auftrag durch)
28.09. 13:59:55  Ablauf mit 4 Schritten: Inventar öffnen nach 800 ms, Gegenstand wegwerfen nach 1200 ms, Inventar schließen nach 1000 ms, Sammeln starten nach 1000 ms
28.09. 13:59:56  Schritt 1/4: Inventar öffnen - Taste i an FiveM® by Cfx.re - [GERMAN] Narco City II | Roleplay mit Niv
28.09. 13:59:58  Schritt 2/4: Gegenstand wegwerfen - Rechtsklick x233 y383 an FiveM® by Cfx.re - [GERMAN] Narco City II | Roleplay mit Niv
28.09. 13:59:59  Schritt 3/4: Inventar schließen - Taste Escape an FiveM® by Cfx.re - [GERMAN] Narco City II | Roleplay mit Niv
28.09. 14:00:00  Schritt 4/4: Sammeln starten - Taste e an FiveM® by Cfx.re - [GERMAN] Narco City II | Roleplay mit Niv
28.09. 14:17:12  --- FERTIG - 158 / 158  (Stand 158/158, Ziel 158, Auftrag durch)
28.09. 14:17:12  Ablauf mit 4 Schritten: Inventar öffnen nach 800 ms, Gegenstand wegwerfen nach 1200 ms, Inventar schließen nach 1000 ms, Sammeln starten nach 1000 ms
28.09. 14:17:13  Schritt 1/4: Inventar öffnen - Taste i an FiveM® by Cfx.re - [GERMAN] Narco City II | Roleplay mit Niv
28.09. 14:17:15  Schritt 2/4: Gegenstand wegwerfen - Rechtsklick x233 y383 an FiveM® by Cfx.re - [GERMAN] Narco City II | Roleplay mit Niv
28.09. 14:17:16  Schritt 3/4: Inventar schließen - Taste Escape an FiveM® by Cfx.re - [GERMAN] Narco City II | Roleplay mit Niv
28.09. 14:17:17  Schritt 4/4: Sammeln starten - Taste e an FiveM® by Cfx.re - [GERMAN] Narco City II | Roleplay mit Niv
28.09. 14:22:41  --- FERTIG - 30 / 30  (Stand 30/30, Ziel 30, Auftrag durch)
28.09. 14:22:41  Ablauf mit 4 Schritten: Inventar öffnen nach 800 ms, Gegenstand wegwerfen nach 1200 ms, Inventar schließen nach 1000 ms, Sammeln starten nach 1000 ms
28.09. 14:22:42  Schritt 1/4: Inventar öffnen - Taste i an FiveM® by Cfx.re - [GERMAN] Narco City II | Roleplay mit Niv
28.09. 14:22:43  Schritt 2/4: Gegenstand wegwerfen - Rechtsklick x233 y383 an FiveM® by Cfx.re - [GERMAN] Narco City II | Roleplay mit Niv
28.09. 14:22:44  Schritt 3/4: Inventar schließen - Taste Escape an FiveM® by Cfx.re - [GERMAN] Narco City II | Roleplay mit Niv
28.09. 14:22:46  Schritt 4/4: Sammeln starten - Taste e an FiveM® by Cfx.re - [GERMAN] Narco City II | Roleplay mit Niv
28.09. 14:29:56  Balken seit 11 s weg, letzter Stand 166/168 (Rest 2) - gilt als fertig.
28.09. 14:29:56  --- FERTIG (Balken weg bei 166/168, Rest 2)  (Stand 166/168, Ziel 168, Auftrag durch)
28.09. 14:29:56  Ablauf mit 4 Schritten: Inventar öffnen nach 800 ms, Gegenstand wegwerfen nach 1200 ms, Inventar schließen nach 1000 ms, Sammeln starten nach 1000 ms
28.09. 14:29:57  Schritt 1/4: Inventar öffnen - Taste i an FiveM® by Cfx.re - [GERMAN] Narco City II | Roleplay mit Niv
28.09. 14:29:59  Schritt 2/4: Gegenstand wegwerfen - Rechtsklick x233 y383 an FiveM® by Cfx.re - [GERMAN] Narco City II | Roleplay mit Niv
28.09. 14:30:00  Schritt 3/4: Inventar schließen - Taste Escape an FiveM® by Cfx.re - [GERMAN] Narco City II | Roleplay mit Niv
28.09. 14:30:01  Schritt 4/4: Sammeln starten - Taste e an FiveM® by Cfx.re - [GERMAN] Narco City II | Roleplay mit Niv
28.09. 14:37:09  --- FERTIG - 102 / 102  (Stand 102/102, Ziel 102, Auftrag durch)
28.09. 14:37:09  Ablauf mit 4 Schritten: Inventar öffnen nach 800 ms, Gegenstand wegwerfen nach 1200 ms, Inventar schließen nach 1000 ms, Sammeln starten nach 1000 ms
28.09. 14:37:10  Schritt 1/4: Inventar öffnen - Taste i an FiveM® by Cfx.re - [GERMAN] Narco City II | Roleplay mit Niv
28.09. 14:37:11  Schritt 2/4: Gegenstand wegwerfen - Rechtsklick x233 y383 an FiveM® by Cfx.re - [GERMAN] Narco City II | Roleplay mit Niv
28.09. 14:37:12  Schritt 3/4: Inventar schließen - Taste Escape an FiveM® by Cfx.re - [GERMAN] Narco City II | Roleplay mit Niv
28.09. 14:37:14  Schritt 4/4: Sammeln starten - Taste e an FiveM® by Cfx.re - [GERMAN] Narco City II | Roleplay mit Niv
28.09. 14:44:14  --- FERTIG - 168 / 168  (Stand 168/168, Ziel 168, Auftrag durch)
28.09. 14:44:14  Ablauf mit 4 Schritten: Inventar öffnen nach 800 ms, Gegenstand wegwerfen nach 1200 ms, Inventar schließen nach 1000 ms, Sammeln starten nach 1000 ms
28.09. 14:44:15  Schritt 1/4: Inventar öffnen - Taste i an FiveM® by Cfx.re - [GERMAN] Narco City II | Roleplay mit Niv
28.09. 14:44:17  Schritt 2/4: Gegenstand wegwerfen - Rechtsklick x233 y383 an FiveM® by Cfx.re - [GERMAN] Narco City II | Roleplay mit Niv
28.09. 14:44:18  Schritt 3/4: Inventar schließen - Taste Escape an FiveM® by Cfx.re - [GERMAN] Narco City II | Roleplay mit Niv
28.09. 14:44:19  Schritt 4/4: Sammeln starten - Taste e an FiveM® by Cfx.re - [GERMAN] Narco City II | Roleplay mit Niv
28.09. 14:51:20  --- FERTIG - 168 / 168  (Stand 168/168, Ziel 168, Auftrag durch)
28.09. 14:51:20  Ablauf mit 4 Schritten: Inventar öffnen nach 800 ms, Gegenstand wegwerfen nach 1200 ms, Inventar schließen nach 1000 ms, Sammeln starten nach 1000 ms
28.09. 14:51:21  Schritt 1/4: Inventar öffnen - Taste i an FiveM® by Cfx.re - [GERMAN] Narco City II | Roleplay mit Niv
28.09. 14:51:22  Schritt 2/4: Gegenstand wegwerfen - Rechtsklick x233 y383 an FiveM® by Cfx.re - [GERMAN] Narco City II | Roleplay mit Niv
28.09. 14:51:24  Schritt 3/4: Inventar schließen - Taste Escape an FiveM® by Cfx.re - [GERMAN] Narco City II | Roleplay mit Niv
28.09. 14:51:25  Schritt 4/4: Sammeln starten - Taste e an FiveM® by Cfx.re - [GERMAN] Narco City II | Roleplay mit Niv
28.09. 14:56:52  Balken seit 96 s weg, letzter Stand 92/128 (Rest 36) - kein Abschluss.
28.09. 14:56:53  Balken seit 96 s weg, letzter Stand 92/128 (Rest 36) - kein Abschluss.
28.09. 14:56:54  Balken seit 97 s weg, letzter Stand 92/128 (Rest 36) - kein Abschluss.
28.09. 14:56:55  Balken seit 98 s weg, letzter Stand 92/128 (Rest 36) - kein Abschluss.
28.09. 14:56:55  Balken seit 98 s weg, letzter Stand 92/128 (Rest 36) - kein Abschluss.
28.09. 14:56:56  Balken seit 99 s weg, letzter Stand 92/128 (Rest 36) - kein Abschluss.
28.09. 14:56:57  Balken seit 100 s weg, letzter Stand 92/128 (Rest 36) - kein Abschluss.
28.09. 14:56:57  Balken seit 101 s weg, letzter Stand 92/128 (Rest 36) - kein Abschluss.
28.09. 14:56:58  Balken seit 101 s weg, letzter Stand 92/128 (Rest 36) - kein Abschluss.
28.09. 14:56:59  Balken seit 102 s weg, letzter Stand 92/128 (Rest 36) - kein Abschluss.
28.09. 14:56:59  Balken seit 103 s weg, letzter Stand 92/128 (Rest 36) - kein Abschluss.
28.09. 14:57:00  Balken seit 103 s weg, letzter Stand 92/128 (Rest 36) - kein Abschluss.
28.09. 14:57:01  Balken seit 104 s weg, letzter Stand 92/128 (Rest 36) - kein Abschluss.
28.09. 14:57:02  Balken seit 105 s weg, letzter Stand 92/128 (Rest 36) - kein Abschluss.
28.09. 14:57:02  Balken seit 105 s weg, letzter Stand 92/128 (Rest 36) - kein Abschluss.
28.09. 14:57:03  Balken seit 106 s weg, letzter Stand 92/128 (Rest 36) - kein Abschluss.
28.09. 14:57:04  Balken seit 107 s weg, letzter Stand 92/128 (Rest 36) - kein Abschluss.
28.09. 14:57:04  Balken seit 108 s weg, letzter Stand 92/128 (Rest 36) - kein Abschluss.
28.09. 14:57:05  Balken seit 108 s weg, letzter Stand 92/128 (Rest 36) - kein Abschluss.
28.09. 14:57:06  Balken seit 109 s weg, letzter Stand 92/128 (Rest 36) - kein Abschluss.
28.09. 14:57:06  Balken seit 110 s weg, letzter Stand 92/128 (Rest 36) - kein Abschluss.
28.09. 14:57:07  Balken seit 110 s weg, letzter Stand 92/128 (Rest 36) - kein Abschluss.
28.09. 14:57:08  Balken seit 111 s weg, letzter Stand 92/128 (Rest 36) - kein Abschluss.
28.09. 14:57:09  Balken seit 112 s weg, letzter Stand 92/128 (Rest 36) - kein Abschluss.
28.09. 14:57:09  Balken seit 113 s weg, letzter Stand 92/128 (Rest 36) - kein Abschluss.
28.09. 14:57:10  Balken seit 113 s weg, letzter Stand 92/128 (Rest 36) - kein Abschluss.
28.09. 14:57:11  Balken seit 114 s weg, letzter Stand 92/128 (Rest 36) - kein Abschluss.
28.09. 14:57:11  Balken seit 115 s weg, letzter Stand 92/128 (Rest 36) - kein Abschluss.
28.09. 14:57:12  Balken seit 115 s weg, letzter Stand 92/128 (Rest 36) - kein Abschluss.
28.09. 14:57:13  Balken seit 116 s weg, letzter Stand 92/128 (Rest 36) - kein Abschluss.
28.09. 14:57:14  Balken seit 117 s weg, letzter Stand 92/128 (Rest 36) - kein Abschluss.
28.09. 14:57:15  Balken seit 118 s weg, letzter Stand 92/128 (Rest 36) - kein Abschluss.
28.09. 14:57:16  Balken seit 119 s weg, letzter Stand 92/128 (Rest 36) - kein Abschluss.
28.09. 14:57:16  Balken seit 120 s weg, letzter Stand 92/128 (Rest 36) - kein Abschluss.
28.09. 14:57:17  Balken seit 120 s weg, letzter Stand 92/128 (Rest 36) - kein Abschluss.
28.09. 14:57:18  Balken seit 121 s weg, letzter Stand 92/128 (Rest 36) - kein Abschluss.
28.09. 14:57:18  Balken seit 122 s weg, letzter Stand 92/128 (Rest 36) - kein Abschluss.
28.09. 14:57:19  Balken seit 122 s weg, letzter Stand 92/128 (Rest 36) - kein Abschluss.
28.09. 14:57:20  Balken seit 123 s weg, letzter Stand 92/128 (Rest 36) - kein Abschluss.
28.09. 14:57:21  Balken seit 124 s weg, letzter Stand 92/128 (Rest 36) - kein Abschluss.
28.09. 14:57:21  Balken seit 124 s weg, letzter Stand 92/128 (Rest 36) - kein Abschluss.
28.09. 14:57:22  Balken seit 125 s weg, letzter Stand 92/128 (Rest 36) - kein Abschluss.
28.09. 14:57:23  Balken seit 126 s weg, letzter Stand 92/128 (Rest 36) - kein Abschluss.
28.09. 14:57:23  Balken seit 127 s weg, letzter Stand 92/128 (Rest 36) - kein Abschluss.
28.09. 14:57:24  Balken seit 127 s weg, letzter Stand 92/128 (Rest 36) - kein Abschluss.
28.09. 14:57:25  Balken seit 128 s weg, letzter Stand 92/128 (Rest 36) - kein Abschluss.
28.09. 14:57:25  Balken seit 129 s weg, letzter Stand 92/128 (Rest 36) - kein Abschluss.
28.09. 14:57:26  Balken seit 129 s weg, letzter Stand 92/128 (Rest 36) - kein Abschluss.
28.09. 14:57:27  Balken seit 130 s weg, letzter Stand 92/128 (Rest 36) - kein Abschluss.
28.09. 14:57:28  Balken seit 131 s weg, letzter Stand 92/128 (Rest 36) - kein Abschluss.
28.09. 14:57:28  Balken seit 131 s weg, letzter Stand 92/128 (Rest 36) - kein Abschluss.
28.09. 14:57:29  Balken seit 132 s weg, letzter Stand 92/128 (Rest 36) - kein Abschluss.
28.09. 14:57:30  Balken seit 133 s weg, letzter Stand 92/128 (Rest 36) - kein Abschluss.
28.09. 14:57:31  Balken seit 134 s weg, letzter Stand 92/128 (Rest 36) - kein Abschluss.
28.09. 14:57:32  Balken seit 135 s weg, letzter Stand 92/128 (Rest 36) - kein Abschluss.
28.09. 14:57:32  Balken seit 136 s weg, letzter Stand 92/128 (Rest 36) - kein Abschluss.
28.09. 14:57:33  Balken seit 136 s weg, letzter Stand 92/128 (Rest 36) - kein Abschluss.
28.09. 14:57:34  Balken seit 137 s weg, letzter Stand 92/128 (Rest 36) - kein Abschluss.
28.09. 14:57:35  Balken seit 138 s weg, letzter Stand 92/128 (Rest 36) - kein Abschluss.
28.09. 14:57:35  Balken seit 139 s weg, letzter Stand 92/128 (Rest 36) - kein Abschluss.
28.09. 14:57:36  Balken seit 139 s weg, letzter Stand 92/128 (Rest 36) - kein Abschluss.
28.09. 14:57:37  Balken seit 140 s weg, letzter Stand 92/128 (Rest 36) - kein Abschluss.
28.09. 14:57:37  Balken seit 141 s weg, letzter Stand 92/128 (Rest 36) - kein Abschluss.
28.09. 14:57:38  Balken seit 141 s weg, letzter Stand 92/128 (Rest 36) - kein Abschluss.
28.09. 14:57:39  Balken seit 142 s weg, letzter Stand 92/128 (Rest 36) - kein Abschluss.
28.09. 14:57:40  Balken seit 143 s weg, letzter Stand 92/128 (Rest 36) - kein Abschluss.
28.09. 14:57:40  Balken seit 143 s weg, letzter Stand 92/128 (Rest 36) - kein Abschluss.
28.09. 14:57:41  Balken seit 144 s weg, letzter Stand 92/128 (Rest 36) - kein Abschluss.
28.09. 14:57:42  Balken seit 145 s weg, letzter Stand 92/128 (Rest 36) - kein Abschluss.
28.09. 14:57:42  Balken seit 146 s weg, letzter Stand 92/128 (Rest 36) - kein Abschluss.
28.09. 14:57:43  Balken seit 146 s weg, letzter Stand 92/128 (Rest 36) - kein Abschluss.
28.09. 14:57:44  Balken seit 147 s weg, letzter Stand 92/128 (Rest 36) - kein Abschluss.
28.09. 14:57:44  Balken seit 148 s weg, letzter Stand 92/128 (Rest 36) - kein Abschluss.
28.09. 14:57:45  Balken seit 148 s weg, letzter Stand 92/128 (Rest 36) - kein Abschluss.
28.09. 14:57:46  Balken seit 149 s weg, letzter Stand 92/128 (Rest 36) - kein Abschluss.
28.09. 14:57:47  Balken seit 150 s weg, letzter Stand 92/128 (Rest 36) - kein Abschluss.
28.09. 14:57:47  Balken seit 151 s weg, letzter Stand 92/128 (Rest 36) - kein Abschluss.
28.09. 14:57:48  Balken seit 151 s weg, letzter Stand 92/128 (Rest 36) - kein Abschluss.
28.09. 14:57:49  Balken seit 152 s weg, letzter Stand 92/128 (Rest 36) - kein Abschluss.
28.09. 14:57:49  Balken seit 153 s weg, letzter Stand 92/128 (Rest 36) - kein Abschluss.
28.09. 14:57:50  Balken seit 153 s weg, letzter Stand 92/128 (Rest 36) - kein Abschluss.
28.09. 14:59:31  --- FERTIG - 40 / 40  (Stand 40/40, Ziel 40, Auftrag durch)
28.09. 14:59:31  Ablauf mit 4 Schritten: Inventar öffnen nach 800 ms, Gegenstand wegwerfen nach 1200 ms, Inventar schließen nach 1000 ms, Sammeln starten nach 1000 ms
28.09. 14:59:32  Schritt 1/4: Inventar öffnen - Taste i an FiveM® by Cfx.re - [GERMAN] Narco City II | Roleplay mit Niv
28.09. 14:59:33  Schritt 2/4: Gegenstand wegwerfen - Rechtsklick x233 y383 an FiveM® by Cfx.re - [GERMAN] Narco City II | Roleplay mit Niv
28.09. 14:59:35  Schritt 3/4: Inventar schließen - Taste Escape an FiveM® by Cfx.re - [GERMAN] Narco City II | Roleplay mit Niv
28.09. 14:59:36  Schritt 4/4: Sammeln starten - Taste e an FiveM® by Cfx.re - [GERMAN] Narco City II | Roleplay mit Niv
28.09. 15:11:25  Balken seit 160 s weg, letzter Stand 82/144 (Rest 62) - kein Abschluss.
28.09. 15:11:26  Balken seit 161 s weg, letzter Stand 82/144 (Rest 62) - kein Abschluss.
28.09. 15:11:26  Balken seit 162 s weg, letzter Stand 82/144 (Rest 62) - kein Abschluss.
28.09. 15:11:27  Balken seit 162 s weg, letzter Stand 82/144 (Rest 62) - kein Abschluss.
28.09. 15:11:28  Balken seit 163 s weg, letzter Stand 82/144 (Rest 62) - kein Abschluss.
28.09. 15:11:29  Balken seit 164 s weg, letzter Stand 82/144 (Rest 62) - kein Abschluss.
28.09. 15:11:29  Balken seit 165 s weg, letzter Stand 82/144 (Rest 62) - kein Abschluss.
28.09. 15:11:30  Balken seit 165 s weg, letzter Stand 82/144 (Rest 62) - kein Abschluss.
28.09. 15:11:31  Balken seit 166 s weg, letzter Stand 82/144 (Rest 62) - kein Abschluss.
28.09. 15:11:31  Balken seit 167 s weg, letzter Stand 82/144 (Rest 62) - kein Abschluss.
28.09. 15:11:32  Balken seit 167 s weg, letzter Stand 82/144 (Rest 62) - kein Abschluss.
28.09. 15:11:33  Balken seit 168 s weg, letzter Stand 82/144 (Rest 62) - kein Abschluss.
28.09. 15:11:34  Balken seit 169 s weg, letzter Stand 82/144 (Rest 62) - kein Abschluss.
28.09. 15:11:35  Balken seit 170 s weg, letzter Stand 82/144 (Rest 62) - kein Abschluss.
28.09. 15:11:36  Balken seit 171 s weg, letzter Stand 82/144 (Rest 62) - kein Abschluss.
28.09. 15:11:36  Balken seit 172 s weg, letzter Stand 82/144 (Rest 62) - kein Abschluss.
28.09. 15:11:37  Balken seit 172 s weg, letzter Stand 82/144 (Rest 62) - kein Abschluss.
28.09. 15:11:38  Balken seit 173 s weg, letzter Stand 82/144 (Rest 62) - kein Abschluss.
28.09. 15:11:38  Balken seit 174 s weg, letzter Stand 82/144 (Rest 62) - kein Abschluss.
28.09. 15:11:39  Balken seit 174 s weg, letzter Stand 82/144 (Rest 62) - kein Abschluss.
28.09. 15:11:40  Balken seit 175 s weg, letzter Stand 82/144 (Rest 62) - kein Abschluss.
28.09. 15:11:41  Balken seit 176 s weg, letzter Stand 82/144 (Rest 62) - kein Abschluss.
28.09. 15:11:41  Balken seit 177 s weg, letzter Stand 82/144 (Rest 62) - kein Abschluss.
28.09. 15:11:42  Balken seit 177 s weg, letzter Stand 82/144 (Rest 62) - kein Abschluss.
28.09. 15:11:43  Balken seit 178 s weg, letzter Stand 82/144 (Rest 62) - kein Abschluss.
28.09. 15:11:43  Balken seit 179 s weg, letzter Stand 82/144 (Rest 62) - kein Abschluss.
28.09. 15:11:44  Balken seit 179 s weg, letzter Stand 82/144 (Rest 62) - kein Abschluss.
28.09. 15:11:45  Balken seit 180 s weg, letzter Stand 82/144 (Rest 62) - kein Abschluss.
28.09. 15:11:45  Balken seit 181 s weg, letzter Stand 82/144 (Rest 62) - kein Abschluss.
28.09. 15:11:46  Balken seit 181 s weg, letzter Stand 82/144 (Rest 62) - kein Abschluss.
28.09. 15:11:47  Balken seit 182 s weg, letzter Stand 82/144 (Rest 62) - kein Abschluss.
28.09. 15:11:48  Balken seit 183 s weg, letzter Stand 82/144 (Rest 62) - kein Abschluss.
28.09. 15:11:48  Balken seit 184 s weg, letzter Stand 82/144 (Rest 62) - kein Abschluss.
28.09. 15:11:49  Balken seit 184 s weg, letzter Stand 82/144 (Rest 62) - kein Abschluss.
28.09. 15:11:50  Balken seit 185 s weg, letzter Stand 82/144 (Rest 62) - kein Abschluss.
28.09. 15:11:50  Balken seit 186 s weg, letzter Stand 82/144 (Rest 62) - kein Abschluss.
28.09. 15:11:51  Balken seit 186 s weg, letzter Stand 82/144 (Rest 62) - kein Abschluss.
28.09. 15:11:52  Balken seit 187 s weg, letzter Stand 82/144 (Rest 62) - kein Abschluss.
28.09. 15:11:52  Balken seit 188 s weg, letzter Stand 82/144 (Rest 62) - kein Abschluss.
28.09. 15:11:53  Balken seit 188 s weg, letzter Stand 82/144 (Rest 62) - kein Abschluss.
28.09. 15:11:54  Balken seit 189 s weg, letzter Stand 82/144 (Rest 62) - kein Abschluss.
28.09. 15:11:55  Balken seit 190 s weg, letzter Stand 82/144 (Rest 62) - kein Abschluss.
28.09. 15:11:55  Balken seit 191 s weg, letzter Stand 82/144 (Rest 62) - kein Abschluss.
28.09. 15:11:56  Balken seit 191 s weg, letzter Stand 82/144 (Rest 62) - kein Abschluss.
28.09. 15:11:57  Balken seit 192 s weg, letzter Stand 82/144 (Rest 62) - kein Abschluss.
28.09. 15:11:58  Balken seit 193 s weg, letzter Stand 82/144 (Rest 62) - kein Abschluss.
28.09. 15:11:59  Balken seit 194 s weg, letzter Stand 82/144 (Rest 62) - kein Abschluss.
28.09. 15:12:00  Balken seit 195 s weg, letzter Stand 82/144 (Rest 62) - kein Abschluss.
28.09. 15:12:00  Balken seit 195 s weg, letzter Stand 82/144 (Rest 62) - kein Abschluss.
28.09. 15:12:01  Balken seit 196 s weg, letzter Stand 82/144 (Rest 62) - kein Abschluss.
28.09. 15:12:02  Balken seit 197 s weg, letzter Stand 82/144 (Rest 62) - kein Abschluss.
28.09. 15:12:02  Balken seit 198 s weg, letzter Stand 82/144 (Rest 62) - kein Abschluss.
28.09. 15:12:03  Balken seit 198 s weg, letzter Stand 82/144 (Rest 62) - kein Abschluss.
28.09. 15:12:04  Balken seit 199 s weg, letzter Stand 82/144 (Rest 62) - kein Abschluss.
28.09. 15:12:04  Balken seit 200 s weg, letzter Stand 82/144 (Rest 62) - kein Abschluss.
28.09. 15:12:05  Balken seit 200 s weg, letzter Stand 82/144 (Rest 62) - kein Abschluss.
28.09. 15:12:06  Balken seit 201 s weg, letzter Stand 82/144 (Rest 62) - kein Abschluss.
28.09. 15:12:07  Balken seit 202 s weg, letzter Stand 82/144 (Rest 62) - kein Abschluss.
28.09. 15:12:07  Balken seit 203 s weg, letzter Stand 82/144 (Rest 62) - kein Abschluss.
28.09. 15:12:08  Balken seit 203 s weg, letzter Stand 82/144 (Rest 62) - kein Abschluss.
28.09. 15:12:09  Balken seit 204 s weg, letzter Stand 82/144 (Rest 62) - kein Abschluss.
28.09. 15:12:09  Balken seit 205 s weg, letzter Stand 82/144 (Rest 62) - kein Abschluss.
28.09. 15:12:10  Balken seit 205 s weg, letzter Stand 82/144 (Rest 62) - kein Abschluss.
28.09. 15:12:11  Balken seit 206 s weg, letzter Stand 82/144 (Rest 62) - kein Abschluss.
28.09. 15:12:11  Balken seit 207 s weg, letzter Stand 82/144 (Rest 62) - kein Abschluss.
28.09. 15:12:12  Balken seit 207 s weg, letzter Stand 82/144 (Rest 62) - kein Abschluss.
28.09. 15:12:13  Balken seit 208 s weg, letzter Stand 82/144 (Rest 62) - kein Abschluss.
28.09. 15:12:14  Balken seit 209 s weg, letzter Stand 82/144 (Rest 62) - kein Abschluss.
28.09. 15:12:14  Balken seit 210 s weg, letzter Stand 82/144 (Rest 62) - kein Abschluss.
28.09. 15:12:15  Balken seit 210 s weg, letzter Stand 82/144 (Rest 62) - kein Abschluss.
28.09. 15:12:16  Balken seit 211 s weg, letzter Stand 82/144 (Rest 62) - kein Abschluss.
28.09. 15:12:16  Balken seit 212 s weg, letzter Stand 82/144 (Rest 62) - kein Abschluss.
28.09. 15:12:17  Balken seit 212 s weg, letzter Stand 82/144 (Rest 62) - kein Abschluss.
28.09. 15:12:18  Balken seit 213 s weg, letzter Stand 82/144 (Rest 62) - kein Abschluss.
28.09. 15:12:18  Balken seit 214 s weg, letzter Stand 82/144 (Rest 62) - kein Abschluss.
28.09. 15:12:19  Balken seit 214 s weg, letzter Stand 82/144 (Rest 62) - kein Abschluss.
28.09. 15:12:22  Balken seit 217 s weg, letzter Stand 82/144 (Rest 62) - kein Abschluss.
28.09. 15:12:23  Balken seit 218 s weg, letzter Stand 82/144 (Rest 62) - kein Abschluss.
28.09. 15:12:23  Balken seit 219 s weg, letzter Stand 82/144 (Rest 62) - kein Abschluss.
28.09. 15:12:24  Balken seit 219 s weg, letzter Stand 82/144 (Rest 62) - kein Abschluss.
28.09. 15:12:25  Balken seit 220 s weg, letzter Stand 82/144 (Rest 62) - kein Abschluss.
28.09. 15:12:25  Balken seit 221 s weg, letzter Stand 82/144 (Rest 62) - kein Abschluss.
28.09. 15:12:26  Balken seit 221 s weg, letzter Stand 82/144 (Rest 62) - kein Abschluss.
28.09. 15:12:27  Balken seit 222 s weg, letzter Stand 82/144 (Rest 62) - kein Abschluss.
28.09. 15:12:27  Balken seit 223 s weg, letzter Stand 82/144 (Rest 62) - kein Abschluss.
28.09. 15:12:28  Balken seit 223 s weg, letzter Stand 82/144 (Rest 62) - kein Abschluss.
28.09. 15:12:28  Balken seit 223 s weg, letzter Stand 82/144 (Rest 62) - kein Abschluss.
28.09. 15:12:29  Balken seit 224 s weg, letzter Stand 82/144 (Rest 62) - kein Abschluss.
28.09. 15:12:30  Balken seit 225 s weg, letzter Stand 82/144 (Rest 62) - kein Abschluss.
28.09. 15:12:30  Balken seit 226 s weg, letzter Stand 82/144 (Rest 62) - kein Abschluss.
28.09. 15:12:31  Balken seit 226 s weg, letzter Stand 82/144 (Rest 62) - kein Abschluss.
28.09. 15:12:32  Balken seit 227 s weg, letzter Stand 82/144 (Rest 62) - kein Abschluss.
28.09. 15:12:32  Balken seit 228 s weg, letzter Stand 82/144 (Rest 62) - kein Abschluss.
28.09. 15:12:33  Balken seit 228 s weg, letzter Stand 82/144 (Rest 62) - kein Abschluss.
28.09. 15:12:34  Balken seit 229 s weg, letzter Stand 82/144 (Rest 62) - kein Abschluss.
28.09. 15:12:35  Balken seit 230 s weg, letzter Stand 82/144 (Rest 62) - kein Abschluss.
28.09. 15:12:35  Balken seit 230 s weg, letzter Stand 82/144 (Rest 62) - kein Abschluss.
28.09. 15:12:36  Balken seit 231 s weg, letzter Stand 82/144 (Rest 62) - kein Abschluss.
28.09. 15:19:53  --- FERTIG - 152 / 152  (Stand 152/152, Ziel 152, Auftrag durch)
28.09. 15:19:53  Ablauf mit 4 Schritten: Inventar öffnen nach 800 ms, Gegenstand wegwerfen nach 1200 ms, Inventar schließen nach 1000 ms, Sammeln starten nach 1000 ms
28.09. 15:19:54  Schritt 1/4: Inventar öffnen - Taste i an FiveM® by Cfx.re - [GERMAN] Narco City II | Roleplay mit Niv
28.09. 15:19:56  Schritt 2/4: Gegenstand wegwerfen - Rechtsklick x233 y383 an FiveM® by Cfx.re - [GERMAN] Narco City II | Roleplay mit Niv
28.09. 15:19:57  Schritt 3/4: Inventar schließen - Taste Escape an FiveM® by Cfx.re - [GERMAN] Narco City II | Roleplay mit Niv
28.09. 15:19:58  Schritt 4/4: Sammeln starten - Taste e an FiveM® by Cfx.re - [GERMAN] Narco City II | Roleplay mit Niv
28.09. 15:26:59  --- FERTIG - 168 / 168  (Stand 168/168, Ziel 168, Auftrag durch)
28.09. 15:26:59  Ablauf mit 4 Schritten: Inventar öffnen nach 800 ms, Gegenstand wegwerfen nach 1200 ms, Inventar schließen nach 1000 ms, Sammeln starten nach 1000 ms
28.09. 15:27:01  Schritt 1/4: Inventar öffnen - Taste i an FiveM® by Cfx.re - [GERMAN] Narco City II | Roleplay mit Niv
28.09. 15:27:02  Schritt 2/4: Gegenstand wegwerfen - Rechtsklick x233 y383 an FiveM® by Cfx.re - [GERMAN] Narco City II | Roleplay mit Niv
28.09. 15:27:03  Schritt 3/4: Inventar schließen - Taste Escape an FiveM® by Cfx.re - [GERMAN] Narco City II | Roleplay mit Niv
28.09. 15:27:05  Schritt 4/4: Sammeln starten - Taste e an FiveM® by Cfx.re - [GERMAN] Narco City II | Roleplay mit Niv
28.09. 15:34:06  --- FERTIG - 54 / 54  (Stand 54/54, Ziel 54, Auftrag durch)
28.09. 15:34:06  Ablauf mit 4 Schritten: Inventar öffnen nach 800 ms, Gegenstand wegwerfen nach 1200 ms, Inventar schließen nach 1000 ms, Sammeln starten nach 1000 ms
28.09. 15:34:08  Schritt 1/4: Inventar öffnen - Taste i an FiveM® by Cfx.re - [GERMAN] Narco City II | Roleplay mit Niv
28.09. 15:34:09  Schritt 2/4: Gegenstand wegwerfen - Rechtsklick x233 y383 an FiveM® by Cfx.re - [GERMAN] Narco City II | Roleplay mit Niv
28.09. 15:34:10  Schritt 3/4: Inventar schließen - Taste Escape an FiveM® by Cfx.re - [GERMAN] Narco City II | Roleplay mit Niv
28.09. 15:34:11  Schritt 4/4: Sammeln starten - Taste e an FiveM® by Cfx.re - [GERMAN] Narco City II | Roleplay mit Niv
28.09. 15:41:12  --- FERTIG - 168 / 168  (Stand 168/168, Ziel 168, Auftrag durch)
28.09. 15:41:12  Ablauf mit 4 Schritten: Inventar öffnen nach 800 ms, Gegenstand wegwerfen nach 1200 ms, Inventar schließen nach 1000 ms, Sammeln starten nach 1000 ms
28.09. 15:41:13  Schritt 1/4: Inventar öffnen - Taste i an FiveM® by Cfx.re - [GERMAN] Narco City II | Roleplay mit Niv
28.09. 15:41:15  Schritt 2/4: Gegenstand wegwerfen - Rechtsklick x233 y383 an FiveM® by Cfx.re - [GERMAN] Narco City II | Roleplay mit Niv
28.09. 15:41:16  Schritt 3/4: Inventar schließen - Taste Escape an FiveM® by Cfx.re - [GERMAN] Narco City II | Roleplay mit Niv
28.09. 15:41:17  Schritt 4/4: Sammeln starten - Taste e an FiveM® by Cfx.re - [GERMAN] Narco City II | Roleplay mit Niv
28.09. 15:48:18  --- FERTIG - 168 / 168  (Stand 168/168, Ziel 168, Auftrag durch)
28.09. 15:48:18  Ablauf mit 4 Schritten: Inventar öffnen nach 800 ms, Gegenstand wegwerfen nach 1200 ms, Inventar schließen nach 1000 ms, Sammeln starten nach 1000 ms
28.09. 15:48:19  Schritt 1/4: Inventar öffnen - Taste i an FiveM® by Cfx.re - [GERMAN] Narco City II | Roleplay mit Niv
28.09. 15:48:20  Schritt 2/4: Gegenstand wegwerfen - Rechtsklick x233 y383 an FiveM® by Cfx.re - [GERMAN] Narco City II | Roleplay mit Niv
28.09. 15:48:22  Schritt 3/4: Inventar schließen - Taste Escape an FiveM® by Cfx.re - [GERMAN] Narco City II | Roleplay mit Niv
28.09. 15:48:23  Schritt 4/4: Sammeln starten - Taste e an FiveM® by Cfx.re - [GERMAN] Narco City II | Roleplay mit Niv
28.09. 15:59:49  --- FERTIG - 168 / 168  (Stand 168/168, Ziel 168, Auftrag durch)
28.09. 15:59:49  Ablauf mit 4 Schritten: Inventar öffnen nach 800 ms, Gegenstand wegwerfen nach 1200 ms, Inventar schließen nach 1000 ms, Sammeln starten nach 1000 ms
28.09. 15:59:50  Schritt 1/4: Inventar öffnen - Taste i an FiveM® by Cfx.re - [GERMAN] Narco City II | Roleplay mit Niv
28.09. 15:59:52  Schritt 2/4: Gegenstand wegwerfen - Rechtsklick x233 y383 an FiveM® by Cfx.re - [GERMAN] Narco City II | Roleplay mit Niv
28.09. 15:59:53  Schritt 3/4: Inventar schließen - Taste Escape an FiveM® by Cfx.re - [GERMAN] Narco City II | Roleplay mit Niv
28.09. 15:59:54  Schritt 4/4: Sammeln starten - Taste e an FiveM® by Cfx.re - [GERMAN] Narco City II | Roleplay mit Niv
28.09. 16:03:40  --- FERTIG - 90 / 90  (Stand 90/90, Ziel 90, Auftrag durch)
28.09. 16:03:40  Ablauf mit 4 Schritten: Inventar öffnen nach 800 ms, Gegenstand wegwerfen nach 1200 ms, Inventar schließen nach 1000 ms, Sammeln starten nach 1000 ms
28.09. 16:03:41  Schritt 1/4: Inventar öffnen - Taste i an FiveM® by Cfx.re - [GERMAN] Narco City II | Roleplay mit Niv
28.09. 16:03:42  Schritt 2/4: Gegenstand wegwerfen - Rechtsklick x233 y383 an FiveM® by Cfx.re - [GERMAN] Narco City II | Roleplay mit Niv
28.09. 16:03:43  Schritt 3/4: Inventar schließen - Taste Escape an FiveM® by Cfx.re - [GERMAN] Narco City II | Roleplay mit Niv
28.09. 16:03:45  Schritt 4/4: Sammeln starten - Taste e an FiveM® by Cfx.re - [GERMAN] Narco City II | Roleplay mit Niv
28.09. 16:23:19  --- FERTIG - 166 / 166  (Stand 166/166, Ziel 166, Auftrag durch)
28.09. 16:23:19  Ablauf mit 4 Schritten: Inventar öffnen nach 800 ms, Gegenstand wegwerfen nach 1200 ms, Inventar schließen nach 1000 ms, Sammeln starten nach 1000 ms
28.09. 16:23:20  Schritt 1/4: Inventar öffnen - Taste i an FiveM® by Cfx.re - [GERMAN] Narco City II | Roleplay mit Niv
28.09. 16:24:43  Schritt 2/4: Gegenstand wegwerfen - Rechtsklick x233 y383 an Suche
28.09. 16:24:44  Schritt 3/4: Inventar schließen - Taste Escape an Suche
28.09. 16:24:45  Schritt 4/4: Sammeln starten - Taste e an Sammler - Einstellungen
28.09. 16:31:52  --- FERTIG - 168 / 168  (Stand 168/168, Ziel 168, Auftrag durch)
28.09. 16:31:52  Ablauf mit 4 Schritten: Inventar öffnen nach 800 ms, Gegenstand wegwerfen nach 1200 ms, Inventar schließen nach 1000 ms, Sammeln starten nach 1000 ms
28.09. 16:31:53  Schritt 1/4: Inventar öffnen - Taste i an FiveM® by Cfx.re - [GERMAN] Narco City II | Roleplay mit Niv
28.09. 16:31:55  Schritt 2/4: Gegenstand wegwerfen - Rechtsklick x233 y383 an FiveM® by Cfx.re - [GERMAN] Narco City II | Roleplay mit Niv
28.09. 16:31:56  Schritt 3/4: Inventar schließen - Taste Escape an FiveM® by Cfx.re - [GERMAN] Narco City II | Roleplay mit Niv
28.09. 16:31:57  Schritt 4/4: Sammeln starten - Taste e an FiveM® by Cfx.re - [GERMAN] Narco City II | Roleplay mit Niv
28.09. 16:38:58  --- FERTIG - 168 / 168  (Stand 168/168, Ziel 168, Auftrag durch)
28.09. 16:38:58  Ablauf mit 4 Schritten: Inventar öffnen nach 800 ms, Gegenstand wegwerfen nach 1200 ms, Inventar schließen nach 1000 ms, Sammeln starten nach 1000 ms
28.09. 16:38:59  Schritt 1/4: Inventar öffnen - Taste i an FiveM® by Cfx.re - [GERMAN] Narco City II | Roleplay mit Niv
28.09. 16:39:00  Schritt 2/4: Gegenstand wegwerfen - Rechtsklick x233 y383 an FiveM® by Cfx.re - [GERMAN] Narco City II | Roleplay mit Niv
28.09. 16:39:02  Schritt 3/4: Inventar schließen - Taste Escape an FiveM® by Cfx.re - [GERMAN] Narco City II | Roleplay mit Niv
28.09. 16:39:03  Schritt 4/4: Sammeln starten - Taste e an FiveM® by Cfx.re - [GERMAN] Narco City II | Roleplay mit Niv
